sampleObjectPojo1WithNonObjectValueType=[
java.util.Objects
javax.validation.constraints.AssertTrue

@AssertTrue(message = "Not all additional properties are instances of String")
private boolean isAllAdditionalPropertiesHaveCorrectType() {
  return additionalProperties.values()
      .stream()
      .filter(Objects::nonNull)
      .allMatch(v -> castAdditionalProperty(v).isPresent());
}
]


sampleObjectPojo1WithNullableNonObjectValueType=[
java.util.Objects
javax.validation.constraints.AssertTrue

@AssertTrue(message = "Not all additional properties are instances of String")
private boolean isAllAdditionalPropertiesHaveCorrectType() {
  return additionalProperties.values()
      .stream()
      .filter(Objects::nonNull)
      .allMatch(v -> castAdditionalProperty(v).toOptional().isPresent());
}
]


validationDisabled=[
java.util.Objects

private boolean isAllAdditionalPropertiesHaveCorrectType() {
  return additionalProperties.values()
      .stream()
      .filter(Objects::nonNull)
      .allMatch(v -> castAdditionalProperty(v).isPresent());
}
]