anyOf=[
javax.validation.constraints.AssertFalse

@AssertFalse(message = "Is not valid against one of the schemas [SampleObjectPojo1, SampleObjectPojo2]")
private boolean isValidAgainstNoAnyOfSchema() {
  return anyOfValidCount() == 0;
}
]


oneOf=[
javax.validation.constraints.AssertFalse

@AssertFalse(message = "Is not valid against one of the schemas [SampleObjectPojo1, SampleObjectPojo2]")
private boolean isValidAgainstNoOneOfSchema() {
  return oneOfValidCount() == 0;
}

@AssertFalse(message = "Is valid against more than one of the schemas [SampleObjectPojo1, SampleObjectPojo2]")
private boolean isValidAgainstMoreThanOneSchema() {
  return oneOfValidCount() > 1;
}
]


oneOfPojoWithDiscriminatorAndNonStrictValidation=[
javax.validation.constraints.AssertFalse

@AssertFalse(message = "Is not valid against one of the schemas [Yellow, Orange]")
private boolean isValidAgainstNoOneOfSchema() {
  return oneOfValidCount() == 0;
}
]