allGeneratedClasses=[
AdminDto
AdminOrUserDto
AdminOrUserOneOfContainerDto
AdminOrUserOneOfContainerRequestDto
AdminOrUserOneOfContainerResponseDto
AdminOrUserRequestDto
AdminOrUserResponseDto
BaseUserDto
CatAllOfDto
CatDto
DogAllOfDto
DogDto
MyPetDto
MyPetOneOfContainerDto
PetDto
UserDto
UserRequestDto
UserResponseDto
]