noBuilderSetMethodPrefix=[

private Builder sampleObjectPojo1Dto(SampleObjectPojo1Dto dto) {
  stringVal(dto.getStringVal());
  intVal(dto.getIntVal());
  doubleVal(dto.getDoubleVal());
  dto.getAdditionalProperties().forEach((key, value) -> addAdditionalProperty(key, value));
  return this;
}

private Builder sampleObjectPojo2Dto(SampleObjectPojo2Dto dto) {
  stringVal(dto.getStringVal());
  birthdate(dto.getBirthdate());
  email(dto.getEmail());
  dto.getAdditionalProperties().forEach((key, value) -> addAdditionalProperty(key, value));
  return this;
}

]


oneOfPojo=[

private Builder setSampleObjectPojo1Dto(SampleObjectPojo1Dto dto) {
  setStringVal(dto.getStringVal());
  setIntVal(dto.getIntVal());
  setDoubleVal(dto.getDoubleVal());
  dto.getAdditionalProperties().forEach((key, value) -> addAdditionalProperty(key, value));
  return this;
}

private Builder setNecessityAndNullabilityDto(NecessityAndNullabilityDto dto) {
  setRequiredStringVal(dto.getRequiredStringVal());
  setRequiredNullableStringVal(dto.getRequiredNullableStringValOpt1());
  setOptionalStringVal(dto.getOptionalStringValOpt2());
  setOptionalNullableStringVal(dto.getOptionalNullableStringValTristate());
  dto.getAdditionalProperties().forEach((key, value) -> addAdditionalProperty(key, value));
  return this;
}

]