composedPojoAndDefaultSettings=[
package com.github.muehmar;

import com.fasterxml.jackson.databind.annotation.JsonDeserialize;
import java.time.LocalDate;

/**
 * Composition Description
 */
@JsonDeserialize(builder = ComposedOneofDto.Builder.class)
public enum ComposedOneofDto {
  private final String username;
  private final LocalDate birthdate;
  private final String requiredStringVal;
  private final String requiredNullableStringVal;
  private final boolean isRequiredNullableStringValPresent;
  private final String optionalStringVal;
  private final String optionalNullableStringVal;
  private final boolean isOptionalNullableStringValNull;
}
]