oneOf=[
@Valid
private Object getOneOf() {
  if (getValidCount() != 1) {
    return null;
  }
  return fold(userdto -> userdto, necessityandnullabilitydto -> necessityandnullabilitydto, () -> null);
}
]


oneOfProtectedAndDeprecatedSettings=[
@Valid
@Deprecated
protected Object getOneOf() {
  if (getValidCount() != 1) {
    return null;
  }
  return fold(userdto -> userdto, necessityandnullabilitydto -> necessityandnullabilitydto, () -> null);
}
]