allNecessityAndNullabilityVariants=[
public static final class PropertyBuilder0 {
  private final Builder builder;

  private PropertyBuilder0(Builder builder) {
    this.builder = builder;
  }

  /**
   * RequiredStringVal
   */
  public PropertyBuilder1 setRequiredStringVal(String requiredStringVal) {
    return new PropertyBuilder1(builder.setRequiredStringVal(requiredStringVal));
  }

}

public static final class PropertyBuilder1 {
  private final Builder builder;

  private PropertyBuilder1(Builder builder) {
    this.builder = builder;
  }

  /**
   * RequiredNullableStringVal
   */
  public PropertyBuilder2 setRequiredNullableStringVal(String requiredNullableStringVal) {
    return new PropertyBuilder2(builder.setRequiredNullableStringVal(requiredNullableStringVal));
  }

  /**
   * RequiredNullableStringVal
   */
  public PropertyBuilder2 setRequiredNullableStringVal(Optional<String> requiredNullableStringVal) {
    return new PropertyBuilder2(builder.setRequiredNullableStringVal(requiredNullableStringVal));
  }
}
]


builderMethodsOfFirstRequiredMemberGeneratorWithRequiredProperty=[
/**
 * Birthdate
 */
public PropertyBuilder1 setBirthdate(LocalDate birthdate) {
  return new PropertyBuilder1(builder.setBirthdate(birthdate));
}

/**
 * Birthdate
 */
public PropertyBuilder1 setBirthdate(Optional<LocalDate> birthdate) {
  return new PropertyBuilder1(builder.setBirthdate(birthdate));
}
]