allNecessityAndNullabilityVariants=[
public static final class OptBuilder0 {
  private final Builder builder;

  private OptBuilder0(Builder builder) {
    this.builder = builder
  }

  /**
   * OptionalStringVal
   */
  public OptBuilder1 setOptionalStringVal(String optionalStringVal) {
    return new OptBuilder1(builder.setOptionalStringVal(optionalStringVal));
  }

  /**
   * OptionalStringVal
   */
  public OptBuilder1 setOptionalStringVal(Optional<String> optionalStringVal) {
    return new OptBuilder1(builder.setOptionalStringVal(optionalStringVal));
  }
}

public static final class OptBuilder1 {
  private final Builder builder;

  private OptBuilder1(Builder builder) {
    this.builder = builder
  }

  /**
   * OptionalNullableStringVal
   */
  public OptBuilder2 setOptionalNullableStringVal(String optionalNullableStringVal) {
    return new OptBuilder2(builder.setOptionalNullableStringVal(optionalNullableStringVal));
  }

  /**
   * OptionalNullableStringVal
   */
  public OptBuilder2 setOptionalNullableStringVal(Tristate<String> optionalNullableStringVal) {
    return new OptBuilder2(builder.setOptionalNullableStringVal(optionalNullableStringVal));
  }
}
]