com.github.muehmar.gradle.openapi.generator.java.generator.pojo.nullableitemslist.NullableItemsListWrappersTest.generate_when_nullableItemsListMembers_then_matchSnapshot=[
java.util.List
java.util.Optional
java.util.stream.Collectors

private static <T> List<Optional<T>> wrapNullableItemsList(List<T> list) {
  return list.stream().map(Optional::ofNullable).collect(Collectors.toList());
}

private static <T> List<T> unwrapNullableItemsList(Optional<List<T>> list) {
  return list.stream().map(value -> value.orElse(null)).collect(Collectors.toList());
}
]