containerMembers[optionalNullableListWithNullableItemsFullMapping]=[
com.custom.CustomList
com.custom.CustomString
com.github.muehmar.openapi.util.Tristate
java.util.Optional

/**
 * OptionalNullableListWithNullableItems
 */
public Tristate<CustomList<Optional<CustomString>>> getOptionalNullableListWithNullableItemsFullMapping() {
  return mapList(
      optionalNullableListWithNullableItemsFullMapping,
      i -> CustomString.fromString(i),
      Optional::ofNullable,
      l -> CustomList.fromList(l),
      l -> Tristate.ofNullableAndNullFlag(l, isOptionalNullableListWithNullableItemsFullMappingNull)
  );
}
]


containerMembers[optionalNullableListWithNullableItems]=[
com.github.muehmar.openapi.util.Tristate
java.util.Optional
java.util.function.Function

/**
 * OptionalNullableListWithNullableItems
 */
public Tristate<List<Optional<String>>> getOptionalNullableListWithNullableItems() {
  return mapList(
      optionalNullableListWithNullableItems,
      Function.identity(),
      Optional::ofNullable,
      Function.identity(),
      l -> Tristate.ofNullableAndNullFlag(l, isOptionalNullableListWithNullableItemsNull)
  );
}
]


containerMembers[optionalNullableMap]=[
com.github.muehmar.openapi.util.Tristate
java.util.function.Function

/**
 * OptionalNullableMap
 */
public Tristate<Map<String, String>> getOptionalNullableMap() {
  return mapMap(
      optionalNullableMap,
      Function.identity(),
      Function.identity(),
      Function.identity(),
      m -> Tristate.ofNullableAndNullFlag(m, isOptionalNullableMapNull)
  );
}
]


containerMembers[optionalNullableStringList]=[
com.github.muehmar.openapi.util.Tristate
java.util.function.Function

/**
 * List
 */
public Tristate<List<String>> getOptionalNullableStringList() {
  return mapList(
      optionalNullableStringList,
      Function.identity(),
      Function.identity(),
      Function.identity(),
      l -> Tristate.ofNullableAndNullFlag(l, isOptionalNullableStringListNull)
  );
}
]


visibility[PACKAGE_PRIVATE]=[
com.github.muehmar.openapi.util.Tristate

Tristate<List<String>> getRequiredStringList() {
  return requiredStringList;
}
]


visibility[PUBLIC]=[
com.github.muehmar.openapi.util.Tristate

/**
 * List
 */
public Tristate<List<String>> getRequiredStringList() {
  return requiredStringList;
}
]