containerMembers[optionalListWithNullableItemsFullMapping]=[
com.custom.CustomList
com.custom.CustomString
java.util.Optional

/**
 * OptionalListWithNullableItems
 */
public Optional<CustomList<Optional<CustomString>>> getOptionalListWithNullableItemsFullMapping() {
  return mapList(
      optionalListWithNullableItemsFullMapping,
      i -> CustomString.fromString(i),
      Optional::ofNullable,
      l -> CustomList.fromList(l),
      Optional::ofNullable
  );
}
]


containerMembers[optionalMapFullMapping]=[
com.custom.CustomMap
com.custom.CustomString
java.util.Optional
java.util.function.Function

/**
 * RequiredNullableMap
 */
public Optional<CustomMap<String, CustomString>> getOptionalMapFullMapping() {
  return mapMap(
      optionalMapFullMapping,
      i -> CustomString.fromString(i),
      Function.identity(),
      m -> CustomMap.fromMap(m),
      Optional::ofNullable
  );
}
]


containerMembers[requiredNullableListWithNullableItems]=[
java.util.Optional
java.util.function.Function

/**
 * RequiredNullableListWithNullableItems
 */
public Optional<List<Optional<String>>> getRequiredNullableListWithNullableItems() {
  return mapList(
      requiredNullableListWithNullableItems,
      Function.identity(),
      Optional::ofNullable,
      Function.identity(),
      Optional::ofNullable
  );
}
]


containerMembers[requiredNullableMap]=[
java.util.Optional
java.util.function.Function

/**
 * RequiredNullableMap
 */
public Optional<Map<String, String>> getRequiredNullableMap() {
  return mapMap(
      requiredNullableMap,
      Function.identity(),
      Function.identity(),
      Function.identity(),
      Optional::ofNullable
  );
}
]


containerMembers[requiredNullableStringList]=[
java.util.Optional
java.util.function.Function

/**
 * List
 */
public Optional<List<String>> getRequiredNullableStringList() {
  return mapList(
      requiredNullableStringList,
      Function.identity(),
      Function.identity(),
      Function.identity(),
      Optional::ofNullable
  );
}
]


visibility[PACKAGE_PRIVATE]=[
java.util.Optional

Optional<String> getStringVal() {
  return stringVal;
}
]


visibility[PUBLIC]=[
java.util.Optional

/**
 * stringVal
 */
public Optional<String> getStringVal() {
  return stringVal;
}
]