containerMembers[optionalListWithNullableItemsFullMapping]=[
com.custom.CustomList
com.custom.CustomString
java.util.Optional
java.util.function.Function

/**
 * OptionalListWithNullableItems
 */
public CustomList<Optional<CustomString>> getOptionalListWithNullableItemsFullMappingOr(CustomList<Optional<CustomString>> defaultValue) {
  return this.optionalListWithNullableItemsFullMapping == null
      ? defaultValue
      : mapList(
          optionalListWithNullableItemsFullMapping,
          i -> CustomString.fromString(i),
          Optional::ofNullable,
          l -> CustomList.fromList(l),
          Function.identity()
      );
}
]


containerMembers[requiredNullableListWithNullableItems]=[
java.util.Optional
java.util.function.Function

/**
 * RequiredNullableListWithNullableItems
 */
public List<Optional<String>> getRequiredNullableListWithNullableItemsOr(List<Optional<String>> defaultValue) {
  return this.requiredNullableListWithNullableItems == null
      ? defaultValue
      : mapList(
          requiredNullableListWithNullableItems,
          Function.identity(),
          Optional::ofNullable,
          Function.identity(),
          Function.identity()
      );
}
]


containerMembers[requiredNullableMap]=[
java.util.Optional

/**
 * RequiredNullableMap
 */
public Map<String, String> getRequiredNullableMapOr(Map<String, String> defaultValue) {
  return this.requiredNullableMap == null
      ? defaultValue
      : requiredNullableMap;
}
]


containerMembers[requiredNullableStringList]=[
java.util.Optional

/**
 * List
 */
public List<String> getRequiredNullableStringListOr(List<String> defaultValue) {
  return this.requiredNullableStringList == null
      ? defaultValue
      : requiredNullableStringList;
}
]


optionalStringList=[
java.util.Optional

/**
 * List
 */
public List<String> getOptionalStringListOr(List<String> defaultValue) {
  return this.optionalStringList == null
      ? defaultValue
      : optionalStringList;
}
]