allNecessityAndNullabilityVariantsFullyTypeMapped[FULL]=[
com.custom.CustomList
com.custom.CustomMap
com.custom.CustomString
java.util.List
java.util.Map
java.util.Optional

public static final class FullPropertyBuilder0 {
  private final Builder builder;

  private FullPropertyBuilder0(Builder builder) {
    this.builder = builder;
  }

  /**
   * RequiredStringVal
   */
  public FullPropertyBuilder1 setRequiredStringVal(CustomString requiredStringVal) {
    return new FullPropertyBuilder1(builder.setRequiredStringVal(requiredStringVal));
  }

}

public static final class FullPropertyBuilder1 {
  private final Builder builder;

  private FullPropertyBuilder1(Builder builder) {
    this.builder = builder;
  }

  /**
   * RequiredNullableStringVal
   */
  public FullPropertyBuilder2 setRequiredNullableStringVal(CustomString requiredNullableStringVal) {
    return new FullPropertyBuilder2(builder.setRequiredNullableStringVal(requiredNullableStringVal));
  }

  /**
   * RequiredNullableStringVal
   */
  public FullPropertyBuilder2 setRequiredNullableStringVal(Optional<CustomString> requiredNullableStringVal) {
    return new FullPropertyBuilder2(builder.setRequiredNullableStringVal(requiredNullableStringVal));
  }

}

public static final class FullPropertyBuilder2 {
  private final Builder builder;

  private FullPropertyBuilder2(Builder builder) {
    this.builder = builder;
  }

  /**
   * RequiredListWithNullableItems
   */
  public FullPropertyBuilder3 setRequiredListWithNullableItems(CustomList<CustomString> requiredListWithNullableItems) {
    return new FullPropertyBuilder3(builder.setRequiredListWithNullableItems(requiredListWithNullableItems));
  }

  /**
   * RequiredListWithNullableItems
   */
  public FullPropertyBuilder3 setRequiredListWithNullableItems_(CustomList<Optional<CustomString>> requiredListWithNullableItems) {
    return new FullPropertyBuilder3(builder.setRequiredListWithNullableItems_(requiredListWithNullableItems));
  }

}

public static final class FullPropertyBuilder3 {
  private final Builder builder;

  private FullPropertyBuilder3(Builder builder) {
    this.builder = builder;
  }

  /**
   * RequiredNullableListWithNullableItems
   */
  public FullPropertyBuilder4 setRequiredNullableListWithNullableItems(CustomList<CustomString> requiredNullableListWithNullableItems) {
    return new FullPropertyBuilder4(builder.setRequiredNullableListWithNullableItems(requiredNullableListWithNullableItems));
  }

  /**
   * RequiredNullableListWithNullableItems
   */
  public FullPropertyBuilder4 setRequiredNullableListWithNullableItems(Optional<CustomList<CustomString>> requiredNullableListWithNullableItems) {
    return new FullPropertyBuilder4(builder.setRequiredNullableListWithNullableItems(requiredNullableListWithNullableItems));
  }

  /**
   * RequiredNullableListWithNullableItems
   */
  public FullPropertyBuilder4 setRequiredNullableListWithNullableItems_(CustomList<Optional<CustomString>> requiredNullableListWithNullableItems) {
    return new FullPropertyBuilder4(builder.setRequiredNullableListWithNullableItems_(requiredNullableListWithNullableItems));
  }

  /**
   * RequiredNullableListWithNullableItems
   */
  public FullPropertyBuilder4 setRequiredNullableListWithNullableItems_(Optional<CustomList<Optional<CustomString>>> requiredNullableListWithNullableItems) {
    return new FullPropertyBuilder4(builder.setRequiredNullableListWithNullableItems_(requiredNullableListWithNullableItems));
  }
}

public static final class FullPropertyBuilder4 {
  private final Builder builder;

  private FullPropertyBuilder4(Builder builder) {
    this.builder = builder;
  }

  /**
   * RequiredMap
   */
  public FullPropertyBuilder5 setRequiredMap(CustomMap<String, CustomString> requiredMap) {
    return new FullPropertyBuilder5(builder.setRequiredMap(requiredMap));
  }

}

public static final class FullPropertyBuilder5 {
  private final Builder builder;

  private FullPropertyBuilder5(Builder builder) {
    this.builder = builder;
  }

  /**
   * RequiredMapWithNullableValues
   */
  public FullPropertyBuilder6 setRequiredMapWithNullableValues(CustomMap<String, CustomString> requiredMapWithNullableValues) {
    return new FullPropertyBuilder6(builder.setRequiredMapWithNullableValues(requiredMapWithNullableValues));
  }

  /**
   * RequiredMapWithNullableValues
   */
  public FullPropertyBuilder6 setRequiredMapWithNullableValues_(CustomMap<String, Optional<CustomString>> requiredMapWithNullableValues) {
    return new FullPropertyBuilder6(builder.setRequiredMapWithNullableValues_(requiredMapWithNullableValues));
  }

}

public static final class FullPropertyBuilder6 {
  private final Builder builder;

  private FullPropertyBuilder6(Builder builder) {
    this.builder = builder;
  }

  /**
   * RequiredNullableMap
   */
  public FullPropertyBuilder7 setRequiredNullableMap(CustomMap<String, CustomString> requiredNullableMap) {
    return new FullPropertyBuilder7(builder.setRequiredNullableMap(requiredNullableMap));
  }

  /**
   * RequiredNullableMap
   */
  public FullPropertyBuilder7 setRequiredNullableMap(Optional<CustomMap<String, CustomString>> requiredNullableMap) {
    return new FullPropertyBuilder7(builder.setRequiredNullableMap(requiredNullableMap));
  }

}

public static final class FullPropertyBuilder7 {
  private final Builder builder;

  private FullPropertyBuilder7(Builder builder) {
    this.builder = builder;
  }

  /**
   * RequiredNullableMapWithNullableValues
   */
  public FullOptPropertyBuilder0 setRequiredNullableMapWithNullableValues(CustomMap<String, CustomString> requiredNullableMapWithNullableValues) {
    return new FullOptPropertyBuilder0(builder.setRequiredNullableMapWithNullableValues(requiredNullableMapWithNullableValues));
  }

  /**
   * RequiredNullableMapWithNullableValues
   */
  public FullOptPropertyBuilder0 setRequiredNullableMapWithNullableValues(Optional<CustomMap<String, CustomString>> requiredNullableMapWithNullableValues) {
    return new FullOptPropertyBuilder0(builder.setRequiredNullableMapWithNullableValues(requiredNullableMapWithNullableValues));
  }

  /**
   * RequiredNullableMapWithNullableValues
   */
  public FullOptPropertyBuilder0 setRequiredNullableMapWithNullableValues_(CustomMap<String, Optional<CustomString>> requiredNullableMapWithNullableValues) {
    return new FullOptPropertyBuilder0(builder.setRequiredNullableMapWithNullableValues_(requiredNullableMapWithNullableValues));
  }

  /**
   * RequiredNullableMapWithNullableValues
   */
  public FullOptPropertyBuilder0 setRequiredNullableMapWithNullableValues_(Optional<CustomMap<String, Optional<CustomString>>> requiredNullableMapWithNullableValues) {
    return new FullOptPropertyBuilder0(builder.setRequiredNullableMapWithNullableValues_(requiredNullableMapWithNullableValues));
  }
}
]


allNecessityAndNullabilityVariantsFullyTypeMapped[STANDARD]=[
com.custom.CustomList
com.custom.CustomMap
com.custom.CustomString
java.util.List
java.util.Map
java.util.Optional

public static final class PropertyBuilder0 {
  private final Builder builder;

  private PropertyBuilder0(Builder builder) {
    this.builder = builder;
  }

  /**
   * RequiredStringVal
   */
  public PropertyBuilder1 setRequiredStringVal(CustomString requiredStringVal) {
    return new PropertyBuilder1(builder.setRequiredStringVal(requiredStringVal));
  }

}

public static final class PropertyBuilder1 {
  private final Builder builder;

  private PropertyBuilder1(Builder builder) {
    this.builder = builder;
  }

  /**
   * RequiredNullableStringVal
   */
  public PropertyBuilder2 setRequiredNullableStringVal(CustomString requiredNullableStringVal) {
    return new PropertyBuilder2(builder.setRequiredNullableStringVal(requiredNullableStringVal));
  }

  /**
   * RequiredNullableStringVal
   */
  public PropertyBuilder2 setRequiredNullableStringVal(Optional<CustomString> requiredNullableStringVal) {
    return new PropertyBuilder2(builder.setRequiredNullableStringVal(requiredNullableStringVal));
  }

}

public static final class PropertyBuilder2 {
  private final Builder builder;

  private PropertyBuilder2(Builder builder) {
    this.builder = builder;
  }

  /**
   * RequiredListWithNullableItems
   */
  public PropertyBuilder3 setRequiredListWithNullableItems(CustomList<CustomString> requiredListWithNullableItems) {
    return new PropertyBuilder3(builder.setRequiredListWithNullableItems(requiredListWithNullableItems));
  }

  /**
   * RequiredListWithNullableItems
   */
  public PropertyBuilder3 setRequiredListWithNullableItems_(CustomList<Optional<CustomString>> requiredListWithNullableItems) {
    return new PropertyBuilder3(builder.setRequiredListWithNullableItems_(requiredListWithNullableItems));
  }

}

public static final class PropertyBuilder3 {
  private final Builder builder;

  private PropertyBuilder3(Builder builder) {
    this.builder = builder;
  }

  /**
   * RequiredNullableListWithNullableItems
   */
  public PropertyBuilder4 setRequiredNullableListWithNullableItems(CustomList<CustomString> requiredNullableListWithNullableItems) {
    return new PropertyBuilder4(builder.setRequiredNullableListWithNullableItems(requiredNullableListWithNullableItems));
  }

  /**
   * RequiredNullableListWithNullableItems
   */
  public PropertyBuilder4 setRequiredNullableListWithNullableItems(Optional<CustomList<CustomString>> requiredNullableListWithNullableItems) {
    return new PropertyBuilder4(builder.setRequiredNullableListWithNullableItems(requiredNullableListWithNullableItems));
  }

  /**
   * RequiredNullableListWithNullableItems
   */
  public PropertyBuilder4 setRequiredNullableListWithNullableItems_(CustomList<Optional<CustomString>> requiredNullableListWithNullableItems) {
    return new PropertyBuilder4(builder.setRequiredNullableListWithNullableItems_(requiredNullableListWithNullableItems));
  }

  /**
   * RequiredNullableListWithNullableItems
   */
  public PropertyBuilder4 setRequiredNullableListWithNullableItems_(Optional<CustomList<Optional<CustomString>>> requiredNullableListWithNullableItems) {
    return new PropertyBuilder4(builder.setRequiredNullableListWithNullableItems_(requiredNullableListWithNullableItems));
  }
}

public static final class PropertyBuilder4 {
  private final Builder builder;

  private PropertyBuilder4(Builder builder) {
    this.builder = builder;
  }

  /**
   * RequiredMap
   */
  public PropertyBuilder5 setRequiredMap(CustomMap<String, CustomString> requiredMap) {
    return new PropertyBuilder5(builder.setRequiredMap(requiredMap));
  }

}

public static final class PropertyBuilder5 {
  private final Builder builder;

  private PropertyBuilder5(Builder builder) {
    this.builder = builder;
  }

  /**
   * RequiredMapWithNullableValues
   */
  public PropertyBuilder6 setRequiredMapWithNullableValues(CustomMap<String, CustomString> requiredMapWithNullableValues) {
    return new PropertyBuilder6(builder.setRequiredMapWithNullableValues(requiredMapWithNullableValues));
  }

  /**
   * RequiredMapWithNullableValues
   */
  public PropertyBuilder6 setRequiredMapWithNullableValues_(CustomMap<String, Optional<CustomString>> requiredMapWithNullableValues) {
    return new PropertyBuilder6(builder.setRequiredMapWithNullableValues_(requiredMapWithNullableValues));
  }

}

public static final class PropertyBuilder6 {
  private final Builder builder;

  private PropertyBuilder6(Builder builder) {
    this.builder = builder;
  }

  /**
   * RequiredNullableMap
   */
  public PropertyBuilder7 setRequiredNullableMap(CustomMap<String, CustomString> requiredNullableMap) {
    return new PropertyBuilder7(builder.setRequiredNullableMap(requiredNullableMap));
  }

  /**
   * RequiredNullableMap
   */
  public PropertyBuilder7 setRequiredNullableMap(Optional<CustomMap<String, CustomString>> requiredNullableMap) {
    return new PropertyBuilder7(builder.setRequiredNullableMap(requiredNullableMap));
  }

}

public static final class PropertyBuilder7 {
  private final Builder builder;

  private PropertyBuilder7(Builder builder) {
    this.builder = builder;
  }

  /**
   * RequiredNullableMapWithNullableValues
   */
  public PropertyBuilder8 setRequiredNullableMapWithNullableValues(CustomMap<String, CustomString> requiredNullableMapWithNullableValues) {
    return new PropertyBuilder8(builder.setRequiredNullableMapWithNullableValues(requiredNullableMapWithNullableValues));
  }

  /**
   * RequiredNullableMapWithNullableValues
   */
  public PropertyBuilder8 setRequiredNullableMapWithNullableValues(Optional<CustomMap<String, CustomString>> requiredNullableMapWithNullableValues) {
    return new PropertyBuilder8(builder.setRequiredNullableMapWithNullableValues(requiredNullableMapWithNullableValues));
  }

  /**
   * RequiredNullableMapWithNullableValues
   */
  public PropertyBuilder8 setRequiredNullableMapWithNullableValues_(CustomMap<String, Optional<CustomString>> requiredNullableMapWithNullableValues) {
    return new PropertyBuilder8(builder.setRequiredNullableMapWithNullableValues_(requiredNullableMapWithNullableValues));
  }

  /**
   * RequiredNullableMapWithNullableValues
   */
  public PropertyBuilder8 setRequiredNullableMapWithNullableValues_(Optional<CustomMap<String, Optional<CustomString>>> requiredNullableMapWithNullableValues) {
    return new PropertyBuilder8(builder.setRequiredNullableMapWithNullableValues_(requiredNullableMapWithNullableValues));
  }
}
]


allNecessityAndNullabilityVariantsWithRequiredAdditionalProperties[FULL]=[
java.util.List
java.util.Map
java.util.Optional

public static final class FullPropertyBuilder0 {
  private final Builder builder;

  private FullPropertyBuilder0(Builder builder) {
    this.builder = builder;
  }

  /**
   * RequiredStringVal
   */
  public FullPropertyBuilder1 setRequiredStringVal(String requiredStringVal) {
    return new FullPropertyBuilder1(builder.setRequiredStringVal(requiredStringVal));
  }

}

public static final class FullPropertyBuilder1 {
  private final Builder builder;

  private FullPropertyBuilder1(Builder builder) {
    this.builder = builder;
  }

  /**
   * RequiredNullableStringVal
   */
  public FullPropertyBuilder2 setRequiredNullableStringVal(String requiredNullableStringVal) {
    return new FullPropertyBuilder2(builder.setRequiredNullableStringVal(requiredNullableStringVal));
  }

  /**
   * RequiredNullableStringVal
   */
  public FullPropertyBuilder2 setRequiredNullableStringVal(Optional<String> requiredNullableStringVal) {
    return new FullPropertyBuilder2(builder.setRequiredNullableStringVal(requiredNullableStringVal));
  }

}

public static final class FullPropertyBuilder2 {
  private final Builder builder;

  private FullPropertyBuilder2(Builder builder) {
    this.builder = builder;
  }

  /**
   * RequiredListWithNullableItems
   */
  public FullPropertyBuilder3 setRequiredListWithNullableItems(List<String> requiredListWithNullableItems) {
    return new FullPropertyBuilder3(builder.setRequiredListWithNullableItems(requiredListWithNullableItems));
  }

  /**
   * RequiredListWithNullableItems
   */
  public FullPropertyBuilder3 setRequiredListWithNullableItems_(List<Optional<String>> requiredListWithNullableItems) {
    return new FullPropertyBuilder3(builder.setRequiredListWithNullableItems_(requiredListWithNullableItems));
  }

}

public static final class FullPropertyBuilder3 {
  private final Builder builder;

  private FullPropertyBuilder3(Builder builder) {
    this.builder = builder;
  }

  /**
   * RequiredNullableListWithNullableItems
   */
  public FullPropertyBuilder4 setRequiredNullableListWithNullableItems(List<String> requiredNullableListWithNullableItems) {
    return new FullPropertyBuilder4(builder.setRequiredNullableListWithNullableItems(requiredNullableListWithNullableItems));
  }

  /**
   * RequiredNullableListWithNullableItems
   */
  public FullPropertyBuilder4 setRequiredNullableListWithNullableItems(Optional<List<String>> requiredNullableListWithNullableItems) {
    return new FullPropertyBuilder4(builder.setRequiredNullableListWithNullableItems(requiredNullableListWithNullableItems));
  }

  /**
   * RequiredNullableListWithNullableItems
   */
  public FullPropertyBuilder4 setRequiredNullableListWithNullableItems_(List<Optional<String>> requiredNullableListWithNullableItems) {
    return new FullPropertyBuilder4(builder.setRequiredNullableListWithNullableItems_(requiredNullableListWithNullableItems));
  }

  /**
   * RequiredNullableListWithNullableItems
   */
  public FullPropertyBuilder4 setRequiredNullableListWithNullableItems_(Optional<List<Optional<String>>> requiredNullableListWithNullableItems) {
    return new FullPropertyBuilder4(builder.setRequiredNullableListWithNullableItems_(requiredNullableListWithNullableItems));
  }
}

public static final class FullPropertyBuilder4 {
  private final Builder builder;

  private FullPropertyBuilder4(Builder builder) {
    this.builder = builder;
  }

  /**
   * RequiredMap
   */
  public FullPropertyBuilder5 setRequiredMap(Map<String, String> requiredMap) {
    return new FullPropertyBuilder5(builder.setRequiredMap(requiredMap));
  }

}

public static final class FullPropertyBuilder5 {
  private final Builder builder;

  private FullPropertyBuilder5(Builder builder) {
    this.builder = builder;
  }

  /**
   * RequiredMapWithNullableValues
   */
  public FullPropertyBuilder6 setRequiredMapWithNullableValues(Map<String, String> requiredMapWithNullableValues) {
    return new FullPropertyBuilder6(builder.setRequiredMapWithNullableValues(requiredMapWithNullableValues));
  }

  /**
   * RequiredMapWithNullableValues
   */
  public FullPropertyBuilder6 setRequiredMapWithNullableValues_(Map<String, Optional<String>> requiredMapWithNullableValues) {
    return new FullPropertyBuilder6(builder.setRequiredMapWithNullableValues_(requiredMapWithNullableValues));
  }

}

public static final class FullPropertyBuilder6 {
  private final Builder builder;

  private FullPropertyBuilder6(Builder builder) {
    this.builder = builder;
  }

  /**
   * RequiredNullableMap
   */
  public FullPropertyBuilder7 setRequiredNullableMap(Map<String, String> requiredNullableMap) {
    return new FullPropertyBuilder7(builder.setRequiredNullableMap(requiredNullableMap));
  }

  /**
   * RequiredNullableMap
   */
  public FullPropertyBuilder7 setRequiredNullableMap(Optional<Map<String, String>> requiredNullableMap) {
    return new FullPropertyBuilder7(builder.setRequiredNullableMap(requiredNullableMap));
  }

}

public static final class FullPropertyBuilder7 {
  private final Builder builder;

  private FullPropertyBuilder7(Builder builder) {
    this.builder = builder;
  }

  /**
   * RequiredNullableMapWithNullableValues
   */
  public FullPropertyBuilder8 setRequiredNullableMapWithNullableValues(Map<String, String> requiredNullableMapWithNullableValues) {
    return new FullPropertyBuilder8(builder.setRequiredNullableMapWithNullableValues(requiredNullableMapWithNullableValues));
  }

  /**
   * RequiredNullableMapWithNullableValues
   */
  public FullPropertyBuilder8 setRequiredNullableMapWithNullableValues(Optional<Map<String, String>> requiredNullableMapWithNullableValues) {
    return new FullPropertyBuilder8(builder.setRequiredNullableMapWithNullableValues(requiredNullableMapWithNullableValues));
  }

  /**
   * RequiredNullableMapWithNullableValues
   */
  public FullPropertyBuilder8 setRequiredNullableMapWithNullableValues_(Map<String, Optional<String>> requiredNullableMapWithNullableValues) {
    return new FullPropertyBuilder8(builder.setRequiredNullableMapWithNullableValues_(requiredNullableMapWithNullableValues));
  }

  /**
   * RequiredNullableMapWithNullableValues
   */
  public FullPropertyBuilder8 setRequiredNullableMapWithNullableValues_(Optional<Map<String, Optional<String>>> requiredNullableMapWithNullableValues) {
    return new FullPropertyBuilder8(builder.setRequiredNullableMapWithNullableValues_(requiredNullableMapWithNullableValues));
  }
}

public static final class FullPropertyBuilder8 {
  private final Builder builder;

  private FullPropertyBuilder8(Builder builder) {
    this.builder = builder;
  }

  /**
   * Additional Property 'prop1'
   */
  public FullOptPropertyBuilder0 setProp1(Object prop1) {
    return new FullOptPropertyBuilder0(builder.setProp1(prop1));
  }

  /**
   * Additional Property 'prop1'
   */
  public FullOptPropertyBuilder0 setProp1(Optional<Object> prop1) {
    return new FullOptPropertyBuilder0(builder.setProp1(prop1));
  }

}
]


allNecessityAndNullabilityVariantsWithRequiredAdditionalProperties[STANDARD]=[
java.util.List
java.util.Map
java.util.Optional

public static final class PropertyBuilder0 {
  private final Builder builder;

  private PropertyBuilder0(Builder builder) {
    this.builder = builder;
  }

  /**
   * RequiredStringVal
   */
  public PropertyBuilder1 setRequiredStringVal(String requiredStringVal) {
    return new PropertyBuilder1(builder.setRequiredStringVal(requiredStringVal));
  }

}

public static final class PropertyBuilder1 {
  private final Builder builder;

  private PropertyBuilder1(Builder builder) {
    this.builder = builder;
  }

  /**
   * RequiredNullableStringVal
   */
  public PropertyBuilder2 setRequiredNullableStringVal(String requiredNullableStringVal) {
    return new PropertyBuilder2(builder.setRequiredNullableStringVal(requiredNullableStringVal));
  }

  /**
   * RequiredNullableStringVal
   */
  public PropertyBuilder2 setRequiredNullableStringVal(Optional<String> requiredNullableStringVal) {
    return new PropertyBuilder2(builder.setRequiredNullableStringVal(requiredNullableStringVal));
  }

}

public static final class PropertyBuilder2 {
  private final Builder builder;

  private PropertyBuilder2(Builder builder) {
    this.builder = builder;
  }

  /**
   * RequiredListWithNullableItems
   */
  public PropertyBuilder3 setRequiredListWithNullableItems(List<String> requiredListWithNullableItems) {
    return new PropertyBuilder3(builder.setRequiredListWithNullableItems(requiredListWithNullableItems));
  }

  /**
   * RequiredListWithNullableItems
   */
  public PropertyBuilder3 setRequiredListWithNullableItems_(List<Optional<String>> requiredListWithNullableItems) {
    return new PropertyBuilder3(builder.setRequiredListWithNullableItems_(requiredListWithNullableItems));
  }

}

public static final class PropertyBuilder3 {
  private final Builder builder;

  private PropertyBuilder3(Builder builder) {
    this.builder = builder;
  }

  /**
   * RequiredNullableListWithNullableItems
   */
  public PropertyBuilder4 setRequiredNullableListWithNullableItems(List<String> requiredNullableListWithNullableItems) {
    return new PropertyBuilder4(builder.setRequiredNullableListWithNullableItems(requiredNullableListWithNullableItems));
  }

  /**
   * RequiredNullableListWithNullableItems
   */
  public PropertyBuilder4 setRequiredNullableListWithNullableItems(Optional<List<String>> requiredNullableListWithNullableItems) {
    return new PropertyBuilder4(builder.setRequiredNullableListWithNullableItems(requiredNullableListWithNullableItems));
  }

  /**
   * RequiredNullableListWithNullableItems
   */
  public PropertyBuilder4 setRequiredNullableListWithNullableItems_(List<Optional<String>> requiredNullableListWithNullableItems) {
    return new PropertyBuilder4(builder.setRequiredNullableListWithNullableItems_(requiredNullableListWithNullableItems));
  }

  /**
   * RequiredNullableListWithNullableItems
   */
  public PropertyBuilder4 setRequiredNullableListWithNullableItems_(Optional<List<Optional<String>>> requiredNullableListWithNullableItems) {
    return new PropertyBuilder4(builder.setRequiredNullableListWithNullableItems_(requiredNullableListWithNullableItems));
  }
}

public static final class PropertyBuilder4 {
  private final Builder builder;

  private PropertyBuilder4(Builder builder) {
    this.builder = builder;
  }

  /**
   * RequiredMap
   */
  public PropertyBuilder5 setRequiredMap(Map<String, String> requiredMap) {
    return new PropertyBuilder5(builder.setRequiredMap(requiredMap));
  }

}

public static final class PropertyBuilder5 {
  private final Builder builder;

  private PropertyBuilder5(Builder builder) {
    this.builder = builder;
  }

  /**
   * RequiredMapWithNullableValues
   */
  public PropertyBuilder6 setRequiredMapWithNullableValues(Map<String, String> requiredMapWithNullableValues) {
    return new PropertyBuilder6(builder.setRequiredMapWithNullableValues(requiredMapWithNullableValues));
  }

  /**
   * RequiredMapWithNullableValues
   */
  public PropertyBuilder6 setRequiredMapWithNullableValues_(Map<String, Optional<String>> requiredMapWithNullableValues) {
    return new PropertyBuilder6(builder.setRequiredMapWithNullableValues_(requiredMapWithNullableValues));
  }

}

public static final class PropertyBuilder6 {
  private final Builder builder;

  private PropertyBuilder6(Builder builder) {
    this.builder = builder;
  }

  /**
   * RequiredNullableMap
   */
  public PropertyBuilder7 setRequiredNullableMap(Map<String, String> requiredNullableMap) {
    return new PropertyBuilder7(builder.setRequiredNullableMap(requiredNullableMap));
  }

  /**
   * RequiredNullableMap
   */
  public PropertyBuilder7 setRequiredNullableMap(Optional<Map<String, String>> requiredNullableMap) {
    return new PropertyBuilder7(builder.setRequiredNullableMap(requiredNullableMap));
  }

}

public static final class PropertyBuilder7 {
  private final Builder builder;

  private PropertyBuilder7(Builder builder) {
    this.builder = builder;
  }

  /**
   * RequiredNullableMapWithNullableValues
   */
  public PropertyBuilder8 setRequiredNullableMapWithNullableValues(Map<String, String> requiredNullableMapWithNullableValues) {
    return new PropertyBuilder8(builder.setRequiredNullableMapWithNullableValues(requiredNullableMapWithNullableValues));
  }

  /**
   * RequiredNullableMapWithNullableValues
   */
  public PropertyBuilder8 setRequiredNullableMapWithNullableValues(Optional<Map<String, String>> requiredNullableMapWithNullableValues) {
    return new PropertyBuilder8(builder.setRequiredNullableMapWithNullableValues(requiredNullableMapWithNullableValues));
  }

  /**
   * RequiredNullableMapWithNullableValues
   */
  public PropertyBuilder8 setRequiredNullableMapWithNullableValues_(Map<String, Optional<String>> requiredNullableMapWithNullableValues) {
    return new PropertyBuilder8(builder.setRequiredNullableMapWithNullableValues_(requiredNullableMapWithNullableValues));
  }

  /**
   * RequiredNullableMapWithNullableValues
   */
  public PropertyBuilder8 setRequiredNullableMapWithNullableValues_(Optional<Map<String, Optional<String>>> requiredNullableMapWithNullableValues) {
    return new PropertyBuilder8(builder.setRequiredNullableMapWithNullableValues_(requiredNullableMapWithNullableValues));
  }
}

public static final class PropertyBuilder8 {
  private final Builder builder;

  private PropertyBuilder8(Builder builder) {
    this.builder = builder;
  }

  /**
   * Additional Property 'prop1'
   */
  public PropertyBuilder9 setProp1(Object prop1) {
    return new PropertyBuilder9(builder.setProp1(prop1));
  }

  /**
   * Additional Property 'prop1'
   */
  public PropertyBuilder9 setProp1(Optional<Object> prop1) {
    return new PropertyBuilder9(builder.setProp1(prop1));
  }

}
]


allNecessityAndNullabilityVariants[FULL]=[
java.util.List
java.util.Map
java.util.Optional

public static final class FullPropertyBuilder0 {
  private final Builder builder;

  private FullPropertyBuilder0(Builder builder) {
    this.builder = builder;
  }

  /**
   * RequiredStringVal
   */
  public FullPropertyBuilder1 setRequiredStringVal(String requiredStringVal) {
    return new FullPropertyBuilder1(builder.setRequiredStringVal(requiredStringVal));
  }

}

public static final class FullPropertyBuilder1 {
  private final Builder builder;

  private FullPropertyBuilder1(Builder builder) {
    this.builder = builder;
  }

  /**
   * RequiredNullableStringVal
   */
  public FullPropertyBuilder2 setRequiredNullableStringVal(String requiredNullableStringVal) {
    return new FullPropertyBuilder2(builder.setRequiredNullableStringVal(requiredNullableStringVal));
  }

  /**
   * RequiredNullableStringVal
   */
  public FullPropertyBuilder2 setRequiredNullableStringVal(Optional<String> requiredNullableStringVal) {
    return new FullPropertyBuilder2(builder.setRequiredNullableStringVal(requiredNullableStringVal));
  }

}

public static final class FullPropertyBuilder2 {
  private final Builder builder;

  private FullPropertyBuilder2(Builder builder) {
    this.builder = builder;
  }

  /**
   * RequiredListWithNullableItems
   */
  public FullPropertyBuilder3 setRequiredListWithNullableItems(List<String> requiredListWithNullableItems) {
    return new FullPropertyBuilder3(builder.setRequiredListWithNullableItems(requiredListWithNullableItems));
  }

  /**
   * RequiredListWithNullableItems
   */
  public FullPropertyBuilder3 setRequiredListWithNullableItems_(List<Optional<String>> requiredListWithNullableItems) {
    return new FullPropertyBuilder3(builder.setRequiredListWithNullableItems_(requiredListWithNullableItems));
  }

}

public static final class FullPropertyBuilder3 {
  private final Builder builder;

  private FullPropertyBuilder3(Builder builder) {
    this.builder = builder;
  }

  /**
   * RequiredNullableListWithNullableItems
   */
  public FullPropertyBuilder4 setRequiredNullableListWithNullableItems(List<String> requiredNullableListWithNullableItems) {
    return new FullPropertyBuilder4(builder.setRequiredNullableListWithNullableItems(requiredNullableListWithNullableItems));
  }

  /**
   * RequiredNullableListWithNullableItems
   */
  public FullPropertyBuilder4 setRequiredNullableListWithNullableItems(Optional<List<String>> requiredNullableListWithNullableItems) {
    return new FullPropertyBuilder4(builder.setRequiredNullableListWithNullableItems(requiredNullableListWithNullableItems));
  }

  /**
   * RequiredNullableListWithNullableItems
   */
  public FullPropertyBuilder4 setRequiredNullableListWithNullableItems_(List<Optional<String>> requiredNullableListWithNullableItems) {
    return new FullPropertyBuilder4(builder.setRequiredNullableListWithNullableItems_(requiredNullableListWithNullableItems));
  }

  /**
   * RequiredNullableListWithNullableItems
   */
  public FullPropertyBuilder4 setRequiredNullableListWithNullableItems_(Optional<List<Optional<String>>> requiredNullableListWithNullableItems) {
    return new FullPropertyBuilder4(builder.setRequiredNullableListWithNullableItems_(requiredNullableListWithNullableItems));
  }
}

public static final class FullPropertyBuilder4 {
  private final Builder builder;

  private FullPropertyBuilder4(Builder builder) {
    this.builder = builder;
  }

  /**
   * RequiredMap
   */
  public FullPropertyBuilder5 setRequiredMap(Map<String, String> requiredMap) {
    return new FullPropertyBuilder5(builder.setRequiredMap(requiredMap));
  }

}

public static final class FullPropertyBuilder5 {
  private final Builder builder;

  private FullPropertyBuilder5(Builder builder) {
    this.builder = builder;
  }

  /**
   * RequiredMapWithNullableValues
   */
  public FullPropertyBuilder6 setRequiredMapWithNullableValues(Map<String, String> requiredMapWithNullableValues) {
    return new FullPropertyBuilder6(builder.setRequiredMapWithNullableValues(requiredMapWithNullableValues));
  }

  /**
   * RequiredMapWithNullableValues
   */
  public FullPropertyBuilder6 setRequiredMapWithNullableValues_(Map<String, Optional<String>> requiredMapWithNullableValues) {
    return new FullPropertyBuilder6(builder.setRequiredMapWithNullableValues_(requiredMapWithNullableValues));
  }

}

public static final class FullPropertyBuilder6 {
  private final Builder builder;

  private FullPropertyBuilder6(Builder builder) {
    this.builder = builder;
  }

  /**
   * RequiredNullableMap
   */
  public FullPropertyBuilder7 setRequiredNullableMap(Map<String, String> requiredNullableMap) {
    return new FullPropertyBuilder7(builder.setRequiredNullableMap(requiredNullableMap));
  }

  /**
   * RequiredNullableMap
   */
  public FullPropertyBuilder7 setRequiredNullableMap(Optional<Map<String, String>> requiredNullableMap) {
    return new FullPropertyBuilder7(builder.setRequiredNullableMap(requiredNullableMap));
  }

}

public static final class FullPropertyBuilder7 {
  private final Builder builder;

  private FullPropertyBuilder7(Builder builder) {
    this.builder = builder;
  }

  /**
   * RequiredNullableMapWithNullableValues
   */
  public FullOptPropertyBuilder0 setRequiredNullableMapWithNullableValues(Map<String, String> requiredNullableMapWithNullableValues) {
    return new FullOptPropertyBuilder0(builder.setRequiredNullableMapWithNullableValues(requiredNullableMapWithNullableValues));
  }

  /**
   * RequiredNullableMapWithNullableValues
   */
  public FullOptPropertyBuilder0 setRequiredNullableMapWithNullableValues(Optional<Map<String, String>> requiredNullableMapWithNullableValues) {
    return new FullOptPropertyBuilder0(builder.setRequiredNullableMapWithNullableValues(requiredNullableMapWithNullableValues));
  }

  /**
   * RequiredNullableMapWithNullableValues
   */
  public FullOptPropertyBuilder0 setRequiredNullableMapWithNullableValues_(Map<String, Optional<String>> requiredNullableMapWithNullableValues) {
    return new FullOptPropertyBuilder0(builder.setRequiredNullableMapWithNullableValues_(requiredNullableMapWithNullableValues));
  }

  /**
   * RequiredNullableMapWithNullableValues
   */
  public FullOptPropertyBuilder0 setRequiredNullableMapWithNullableValues_(Optional<Map<String, Optional<String>>> requiredNullableMapWithNullableValues) {
    return new FullOptPropertyBuilder0(builder.setRequiredNullableMapWithNullableValues_(requiredNullableMapWithNullableValues));
  }
}
]


allNecessityAndNullabilityVariants[STANDARD]=[
java.util.List
java.util.Map
java.util.Optional

public static final class PropertyBuilder0 {
  private final Builder builder;

  private PropertyBuilder0(Builder builder) {
    this.builder = builder;
  }

  /**
   * RequiredStringVal
   */
  public PropertyBuilder1 setRequiredStringVal(String requiredStringVal) {
    return new PropertyBuilder1(builder.setRequiredStringVal(requiredStringVal));
  }

}

public static final class PropertyBuilder1 {
  private final Builder builder;

  private PropertyBuilder1(Builder builder) {
    this.builder = builder;
  }

  /**
   * RequiredNullableStringVal
   */
  public PropertyBuilder2 setRequiredNullableStringVal(String requiredNullableStringVal) {
    return new PropertyBuilder2(builder.setRequiredNullableStringVal(requiredNullableStringVal));
  }

  /**
   * RequiredNullableStringVal
   */
  public PropertyBuilder2 setRequiredNullableStringVal(Optional<String> requiredNullableStringVal) {
    return new PropertyBuilder2(builder.setRequiredNullableStringVal(requiredNullableStringVal));
  }

}

public static final class PropertyBuilder2 {
  private final Builder builder;

  private PropertyBuilder2(Builder builder) {
    this.builder = builder;
  }

  /**
   * RequiredListWithNullableItems
   */
  public PropertyBuilder3 setRequiredListWithNullableItems(List<String> requiredListWithNullableItems) {
    return new PropertyBuilder3(builder.setRequiredListWithNullableItems(requiredListWithNullableItems));
  }

  /**
   * RequiredListWithNullableItems
   */
  public PropertyBuilder3 setRequiredListWithNullableItems_(List<Optional<String>> requiredListWithNullableItems) {
    return new PropertyBuilder3(builder.setRequiredListWithNullableItems_(requiredListWithNullableItems));
  }

}

public static final class PropertyBuilder3 {
  private final Builder builder;

  private PropertyBuilder3(Builder builder) {
    this.builder = builder;
  }

  /**
   * RequiredNullableListWithNullableItems
   */
  public PropertyBuilder4 setRequiredNullableListWithNullableItems(List<String> requiredNullableListWithNullableItems) {
    return new PropertyBuilder4(builder.setRequiredNullableListWithNullableItems(requiredNullableListWithNullableItems));
  }

  /**
   * RequiredNullableListWithNullableItems
   */
  public PropertyBuilder4 setRequiredNullableListWithNullableItems(Optional<List<String>> requiredNullableListWithNullableItems) {
    return new PropertyBuilder4(builder.setRequiredNullableListWithNullableItems(requiredNullableListWithNullableItems));
  }

  /**
   * RequiredNullableListWithNullableItems
   */
  public PropertyBuilder4 setRequiredNullableListWithNullableItems_(List<Optional<String>> requiredNullableListWithNullableItems) {
    return new PropertyBuilder4(builder.setRequiredNullableListWithNullableItems_(requiredNullableListWithNullableItems));
  }

  /**
   * RequiredNullableListWithNullableItems
   */
  public PropertyBuilder4 setRequiredNullableListWithNullableItems_(Optional<List<Optional<String>>> requiredNullableListWithNullableItems) {
    return new PropertyBuilder4(builder.setRequiredNullableListWithNullableItems_(requiredNullableListWithNullableItems));
  }
}

public static final class PropertyBuilder4 {
  private final Builder builder;

  private PropertyBuilder4(Builder builder) {
    this.builder = builder;
  }

  /**
   * RequiredMap
   */
  public PropertyBuilder5 setRequiredMap(Map<String, String> requiredMap) {
    return new PropertyBuilder5(builder.setRequiredMap(requiredMap));
  }

}

public static final class PropertyBuilder5 {
  private final Builder builder;

  private PropertyBuilder5(Builder builder) {
    this.builder = builder;
  }

  /**
   * RequiredMapWithNullableValues
   */
  public PropertyBuilder6 setRequiredMapWithNullableValues(Map<String, String> requiredMapWithNullableValues) {
    return new PropertyBuilder6(builder.setRequiredMapWithNullableValues(requiredMapWithNullableValues));
  }

  /**
   * RequiredMapWithNullableValues
   */
  public PropertyBuilder6 setRequiredMapWithNullableValues_(Map<String, Optional<String>> requiredMapWithNullableValues) {
    return new PropertyBuilder6(builder.setRequiredMapWithNullableValues_(requiredMapWithNullableValues));
  }

}

public static final class PropertyBuilder6 {
  private final Builder builder;

  private PropertyBuilder6(Builder builder) {
    this.builder = builder;
  }

  /**
   * RequiredNullableMap
   */
  public PropertyBuilder7 setRequiredNullableMap(Map<String, String> requiredNullableMap) {
    return new PropertyBuilder7(builder.setRequiredNullableMap(requiredNullableMap));
  }

  /**
   * RequiredNullableMap
   */
  public PropertyBuilder7 setRequiredNullableMap(Optional<Map<String, String>> requiredNullableMap) {
    return new PropertyBuilder7(builder.setRequiredNullableMap(requiredNullableMap));
  }

}

public static final class PropertyBuilder7 {
  private final Builder builder;

  private PropertyBuilder7(Builder builder) {
    this.builder = builder;
  }

  /**
   * RequiredNullableMapWithNullableValues
   */
  public PropertyBuilder8 setRequiredNullableMapWithNullableValues(Map<String, String> requiredNullableMapWithNullableValues) {
    return new PropertyBuilder8(builder.setRequiredNullableMapWithNullableValues(requiredNullableMapWithNullableValues));
  }

  /**
   * RequiredNullableMapWithNullableValues
   */
  public PropertyBuilder8 setRequiredNullableMapWithNullableValues(Optional<Map<String, String>> requiredNullableMapWithNullableValues) {
    return new PropertyBuilder8(builder.setRequiredNullableMapWithNullableValues(requiredNullableMapWithNullableValues));
  }

  /**
   * RequiredNullableMapWithNullableValues
   */
  public PropertyBuilder8 setRequiredNullableMapWithNullableValues_(Map<String, Optional<String>> requiredNullableMapWithNullableValues) {
    return new PropertyBuilder8(builder.setRequiredNullableMapWithNullableValues_(requiredNullableMapWithNullableValues));
  }

  /**
   * RequiredNullableMapWithNullableValues
   */
  public PropertyBuilder8 setRequiredNullableMapWithNullableValues_(Optional<Map<String, Optional<String>>> requiredNullableMapWithNullableValues) {
    return new PropertyBuilder8(builder.setRequiredNullableMapWithNullableValues_(requiredNullableMapWithNullableValues));
  }
}
]


builderMethodsOfFirstRequiredMemberGeneratorWithRequiredProperty[FULL]=[
java.time.LocalDate
java.util.Optional

/**
 * Birthdate
 */
public FullOptPropertyBuilder0 setBirthdate(LocalDate birthdate) {
  return new FullOptPropertyBuilder0(builder.setBirthdate(birthdate));
}

/**
 * Birthdate
 */
public FullOptPropertyBuilder0 setBirthdate(Optional<LocalDate> birthdate) {
  return new FullOptPropertyBuilder0(builder.setBirthdate(birthdate));
}

]


builderMethodsOfFirstRequiredMemberGeneratorWithRequiredProperty[STANDARD]=[
java.time.LocalDate
java.util.Optional

/**
 * Birthdate
 */
public PropertyBuilder1 setBirthdate(LocalDate birthdate) {
  return new PropertyBuilder1(builder.setBirthdate(birthdate));
}

/**
 * Birthdate
 */
public PropertyBuilder1 setBirthdate(Optional<LocalDate> birthdate) {
  return new PropertyBuilder1(builder.setBirthdate(birthdate));
}

]