allNecessityAndNullabilityVariants=[
java.util.Objects

@Override
public int hashCode() {
  return Objects.hash(
    requiredStringVal,
    requiredNullableStringVal,
    isRequiredNullableStringValPresent,
    optionalStringVal,
    optionalNullableStringVal,
    isOptionalNullableStringValNull,
    additionalProperties
  );
}
]


arrayPojo=[
java.util.Objects

@Override
public int hashCode() {
  return Objects.hash(
    value
  );
}
]


byteArrayMember=[
java.util.Arrays
java.util.Objects

@Override
public int hashCode() {
  return Objects.hash(
    Arrays.hashCode(data),
    doubleVal
  );
}
]


illegalIdentifierPojo=[
java.util.Objects

@Override
public int hashCode() {
  return Objects.hash(
    switch_,
    isSwitchNull,
    point_,
    isPoint_Null,
    additionalProperties
  );
}
]