allNecessityAndNullabilityVariants=[
@Override
public String toString() {
  return "NecessityAndNullabilityDto{" +
    "requiredStringVal=" + "'" + requiredStringVal + "'" + ", " +
    "requiredNullableStringVal=" + "'" + requiredNullableStringVal + "'" + ", " +
    "isRequiredNullableStringValPresent=" + isRequiredNullableStringValPresent + ", " +
    "optionalStringVal=" + "'" + optionalStringVal + "'" + ", " +
    "optionalNullableStringVal=" + "'" + optionalNullableStringVal + "'" + ", " +
    "isOptionalNullableStringValNull=" + isOptionalNullableStringValNull + ", " +
    "additionalProperties=" + additionalProperties +
    "}";
}
]


arrayPojo=[
@Override
public String toString() {
  return "PosologyDto{" +
    "value=" + value +
    "}";
}
]


byteArrayMember=[
@Override
public String toString() {
  return "ObjectPojo1Dto{" +
    "data=" + Arrays.toString(data) + ", " +
    "doubleVal=" + doubleVal + ", " +
    "additionalProperties=" + additionalProperties +
    "}";
}
]


illegalIdentifierPojo=[
@Override
public String toString() {
  return "Illegal_IdentifierDto{" +
    "switch=" + "'" + switch_ + "'" + ", " +
    "isSwitchNull=" + isSwitchNull + ", " +
    "point.=" + "'" + point_ + "'" + ", " +
    "isPoint.Null=" + isPoint_Null + ", " +
    "additionalProperties=" + additionalProperties +
    "}";
}
]