com.github.muehmar.gradle.openapi.generator.java.generator.pojo.validator.PropertyValidationGeneratorTest.generate_when_integerWithMinAndMax_then_metchSnapshot=[
.
.
private boolean isIntValValid() {
  if(intVal != null) {
    return 10 <= intVal
        && intVal <= 50;
  }

  return intVal != null;
}
]