sampleObjectPojo2=[
.
.
private class Validator {
  private boolean isStringValValid() {
    if(stringVal != null) {
      return java.util.regex.Pattern.matches("Hello", stringVal);
    }

    return stringVal != null;
  }

  private boolean isBirthdateValid() {
    if(birthdate != null) {
      return true;
    }

    return birthdate != null;
  }

  private boolean isEmailValid() {
    if(email != null) {
      return true;
    }

    return email != null;
  }

  private boolean isValid() {
    return isStringValValid()
        && isBirthdateValid()
        && isEmailValid();
  }
}
]