allGeneratedClasses=[
ArrayAdditionalPropertiesDto
ArrayAdditionalPropertiesPropertyDto
EnumAdditionalPropertiesDto
MapAdditionalPropertiesDto
MapAdditionalPropertiesPropertyDto
NoAdditionalPropertiesDto
ObjectAdditionalPropertiesDto
ObjectAdditionalPropertiesPropertyDto
RequiredAdditionalPropertiesDto
StringAdditionalPropertiesDto
]