rawGetterMethodCustomModifierAndSuffix[API_TYPE]=[
.
.
public List<String> getOptionalListWithNullableItemsCustomSuffix() {
  return optionalListWithNullableItems;
}
]


rawGetterMethodCustomModifierAndSuffix[API_TYPE_FRAMEWORK]=[
javax.validation.constraints.Pattern

public List<@Pattern(regexp="Hello") String> getOptionalListWithNullableItemsCustomSuffix() {
  return optionalListWithNullableItems;
}
]


rawGetterMethodCustomModifierAndSuffix[STANDARD]=[
javax.validation.constraints.Pattern

public List<@Pattern(regexp="Hello") String> getOptionalListWithNullableItemsCustomSuffix() {
  return optionalListWithNullableItems;
}
]


rawGetterMethodCustomModifierAndSuffix[STANDARD_NO_VALIDATION]=[
.
.
public List<String> getOptionalListWithNullableItemsCustomSuffix() {
  return optionalListWithNullableItems;
}
]


rawGetterMethodDefaultSettings[API_TYPE]=[
.
.
private List<String> getOptionalListWithNullableItemsRaw() {
  return optionalListWithNullableItems;
}
]


rawGetterMethodDefaultSettings[API_TYPE_FRAMEWORK]=[
javax.validation.constraints.Pattern

private List<@Pattern(regexp="Hello") String> getOptionalListWithNullableItemsRaw() {
  return optionalListWithNullableItems;
}
]


rawGetterMethodDefaultSettings[STANDARD]=[
javax.validation.constraints.Pattern

private List<@Pattern(regexp="Hello") String> getOptionalListWithNullableItemsRaw() {
  return optionalListWithNullableItems;
}
]


rawGetterMethodDefaultSettings[STANDARD_NO_VALIDATION]=[
.
.
private List<String> getOptionalListWithNullableItemsRaw() {
  return optionalListWithNullableItems;
}
]