generatorSettings[NO_JSON]=[
com.fasterxml.jackson.annotation.JsonIgnore
javax.validation.constraints.Pattern

/**
 * @deprecated This method is intended to be used only by frameworks for validation
 * or serialisation.
 */
@Deprecated
@Pattern(regexp="Hello")
@JsonIgnore
public String getOptionalStringValRaw() {
  return optionalStringVal;
}
]


generatorSettings[NO_VALIDATION]=[
com.fasterxml.jackson.annotation.JsonInclude
com.fasterxml.jackson.annotation.JsonProperty

@JsonProperty("optionalStringVal")
@JsonInclude(JsonInclude.Include.NON_NULL)
private String getOptionalStringValJson() {
  return optionalStringVal;
}
]


generatorSettings[]=[
com.fasterxml.jackson.annotation.JsonInclude
com.fasterxml.jackson.annotation.JsonProperty
javax.validation.constraints.Pattern

/**
 * @deprecated This method is intended to be used only by frameworks for validation
 * or serialisation.
 */
@Deprecated
@Pattern(regexp="Hello")
@JsonProperty("optionalStringVal")
@JsonInclude(JsonInclude.Include.NON_NULL)
public String getOptionalStringValRaw() {
  return optionalStringVal;
}
]


members[optionalListWithNullableItems]=[
com.fasterxml.jackson.annotation.JsonInclude
com.fasterxml.jackson.annotation.JsonProperty
javax.validation.constraints.Pattern
javax.validation.constraints.Size

@Size(min = 5, max = 10)
@JsonProperty("optionalListWithNullableItems")
@JsonInclude(JsonInclude.Include.NON_NULL)
private List<@Pattern(regexp="Hello") String> getOptionalListWithNullableItemsRaw() {
  return optionalListWithNullableItems;
}
]


members[optionalNullableListWithNullableItems]=[
com.fasterxml.jackson.annotation.JsonProperty
javax.validation.constraints.Pattern
javax.validation.constraints.Size

@Size(min = 5, max = 10)
@JsonProperty("optionalNullableListWithNullableItems")
private List<@Pattern(regexp="Hello") String> getOptionalNullableListWithNullableItemsRaw() {
  return optionalNullableListWithNullableItems;
}
]


members[optionalNullableStringVal]=[
com.fasterxml.jackson.annotation.JsonProperty
javax.validation.constraints.Pattern

@Pattern(regexp="Hello")
@JsonProperty("optionalNullableStringVal")
private String getOptionalNullableStringValRaw() {
  return optionalNullableStringVal;
}
]


members[optionalStringVal]=[
com.fasterxml.jackson.annotation.JsonInclude
com.fasterxml.jackson.annotation.JsonProperty
javax.validation.constraints.Pattern

@Pattern(regexp="Hello")
@JsonProperty("optionalStringVal")
@JsonInclude(JsonInclude.Include.NON_NULL)
private String getOptionalStringValRaw() {
  return optionalStringVal;
}
]


members[requiredListWithNullableItems]=[
com.fasterxml.jackson.annotation.JsonProperty
javax.validation.constraints.NotNull
javax.validation.constraints.Pattern
javax.validation.constraints.Size

@NotNull
@Size(min = 5, max = 10)
@JsonProperty("requiredListWithNullableItems")
private List<@Pattern(regexp="Hello") String> getRequiredListWithNullableItemsRaw() {
  return requiredListWithNullableItems;
}
]


members[requiredNullableListWithNullableItems]=[
com.fasterxml.jackson.annotation.JsonProperty
javax.validation.constraints.Pattern
javax.validation.constraints.Size

@Size(min = 5, max = 10)
@JsonProperty("requiredNullableListWithNullableItems")
private List<@Pattern(regexp="Hello") String> getRequiredNullableListWithNullableItemsRaw() {
  return requiredNullableListWithNullableItems;
}
]


members[requiredNullableStringVal]=[
com.fasterxml.jackson.annotation.JsonProperty
javax.validation.constraints.Pattern

@Pattern(regexp="Hello")
@JsonProperty("requiredNullableStringVal")
private String getRequiredNullableStringValRaw() {
  return requiredNullableStringVal;
}
]


members[stringVal]=[
com.fasterxml.jackson.annotation.JsonProperty
javax.validation.constraints.NotNull
javax.validation.constraints.Pattern

@NotNull
@Pattern(regexp="Hello")
@JsonProperty("stringVal")
private String getStringValRaw() {
  return stringVal;
}
]