com.github.muehmar.gradle.openapi.generator.java.generator.pojo.getter.OptionalNotNullableGetterTest.generator_when_deprecatedAnnotation_then_correctOutputAndRefs=[
/**
 * Birthdate
 */
@JsonIgnore
public Optional<LocalDate> getBirthdate() {
  return Optional.ofNullable(birthdate);
}

/**
 * Birthdate
 */
@JsonIgnore
public LocalDate getBirthdateOr(LocalDate defaultValue) {
  return birthdate == null ? defaultValue : birthdate;
}

/**
 * @deprecated This method is intended to be used only by frameworks for
 * validation or serialisation.
 */
@JsonProperty("birthdate")
@JsonInclude(JsonInclude.Include.NON_NULL)
@Deprecated
public LocalDate getBirthdateRaw() {
  return birthdate;
}
]


com.github.muehmar.gradle.openapi.generator.java.generator.pojo.getter.OptionalNotNullableGetterTest.generator_when_disabledJacksonAndEnabledValidation_then_correctOutputAndRefs=[
/**
 * Birthdate
 */
public Optional<LocalDate> getBirthdate() {
  return Optional.ofNullable(birthdate);
}

/**
 * Birthdate
 */
public LocalDate getBirthdateOr(LocalDate defaultValue) {
  return birthdate == null ? defaultValue : birthdate;
}

@Pattern(regexp="DatePattern")
private LocalDate getBirthdateRaw() {
  return birthdate;
}
]


com.github.muehmar.gradle.openapi.generator.java.generator.pojo.getter.OptionalNotNullableGetterTest.generator_when_disabledJacksonAndValidation_then_correctOutputAndRefs=[
/**
 * Birthdate
 */
public Optional<LocalDate> getBirthdate() {
  return Optional.ofNullable(birthdate);
}

/**
 * Birthdate
 */
public LocalDate getBirthdateOr(LocalDate defaultValue) {
  return birthdate == null ? defaultValue : birthdate;
}
]


com.github.muehmar.gradle.openapi.generator.java.generator.pojo.getter.OptionalNotNullableGetterTest.generator_when_enabledJackson_then_correctOutputAndRefs=[
/**
 * Birthdate
 */
@JsonIgnore
public Optional<LocalDate> getBirthdate() {
  return Optional.ofNullable(birthdate);
}

/**
 * Birthdate
 */
@JsonIgnore
public LocalDate getBirthdateOr(LocalDate defaultValue) {
  return birthdate == null ? defaultValue : birthdate;
}

@JsonProperty("birthdate")
@JsonInclude(JsonInclude.Include.NON_NULL)
private LocalDate getBirthdateRaw() {
  return birthdate;
}
]


com.github.muehmar.gradle.openapi.generator.java.generator.pojo.getter.OptionalNotNullableGetterTest.generator_when_suffixForOptionalNotNullable_then_correctOutputAndRefs=[
/**
 * Birthdate
 */
public Optional<LocalDate> getBirthdateOpt() {
  return Optional.ofNullable(birthdate);
}

/**
 * Birthdate
 */
public LocalDate getBirthdateOr(LocalDate defaultValue) {
  return birthdate == null ? defaultValue : birthdate;
}
]