com.github.muehmar.gradle.openapi.generator.java.generator.pojo.getter.RequiredNullableGetterTest.generator_when_deprecatedAnnotation_then_correctOutputAndRefs=[
com.fasterxml.jackson.annotation.JsonIgnore
com.fasterxml.jackson.annotation.JsonProperty
java.util.Optional
javax.validation.constraints.AssertTrue
javax.validation.constraints.Pattern

/**
 * stringVal
 */
@JsonIgnore
public Optional<String> getStringVal() {
  return Optional.ofNullable(stringVal);
}

/**
 * stringVal
 */
@JsonIgnore
public String getStringValOr(String defaultValue) {
  return this.stringVal == null ? defaultValue : this.stringVal;
}

/**
 * @deprecated This method is intended to be used only by frameworks for validation
 * or serialisation.
 */
@Pattern(regexp="Hello")
@JsonProperty("stringVal")
@Deprecated
public String getStringValRaw() {
  return stringVal;
}

/**
 * @deprecated This method is intended to be used only by frameworks for validation
 * or serialisation.
 */
@AssertTrue(message = "stringVal is required but it is not present")
@Deprecated
public boolean isStringValPresent() {
  return isStringValPresent;
}
]


com.github.muehmar.gradle.openapi.generator.java.generator.pojo.getter.RequiredNullableGetterTest.generator_when_disabledJacksonAndValidation_then_correctOutputAndRefs=[
java.util.Optional

/**
 * stringVal
 */
public Optional<String> getStringVal() {
  return Optional.ofNullable(stringVal);
}

/**
 * stringVal
 */
public String getStringValOr(String defaultValue) {
  return this.stringVal == null ? defaultValue : this.stringVal;
}
]


com.github.muehmar.gradle.openapi.generator.java.generator.pojo.getter.RequiredNullableGetterTest.generator_when_disabledJackson_then_correctOutputAndRefs=[
java.util.Optional
javax.validation.constraints.AssertTrue
javax.validation.constraints.Pattern

/**
 * stringVal
 */
public Optional<String> getStringVal() {
  return Optional.ofNullable(stringVal);
}

/**
 * stringVal
 */
public String getStringValOr(String defaultValue) {
  return this.stringVal == null ? defaultValue : this.stringVal;
}

@Pattern(regexp="Hello")
private String getStringValRaw() {
  return stringVal;
}

@AssertTrue(message = "stringVal is required but it is not present")
private boolean isStringValPresent() {
  return isStringValPresent;
}
]


com.github.muehmar.gradle.openapi.generator.java.generator.pojo.getter.RequiredNullableGetterTest.generator_when_enabledJackson_then_correctOutputAndRefs=[
com.fasterxml.jackson.annotation.JsonIgnore
com.fasterxml.jackson.annotation.JsonProperty
java.util.Optional
javax.validation.constraints.AssertTrue
javax.validation.constraints.Pattern

/**
 * stringVal
 */
@JsonIgnore
public Optional<String> getStringVal() {
  return Optional.ofNullable(stringVal);
}

/**
 * stringVal
 */
@JsonIgnore
public String getStringValOr(String defaultValue) {
  return this.stringVal == null ? defaultValue : this.stringVal;
}

@Pattern(regexp="Hello")
@JsonProperty("stringVal")
private String getStringValRaw() {
  return stringVal;
}

@AssertTrue(message = "stringVal is required but it is not present")
private boolean isStringValPresent() {
  return isStringValPresent;
}
]


com.github.muehmar.gradle.openapi.generator.java.generator.pojo.getter.RequiredNullableGetterTest.generator_when_requiredNullableSuffix_then_correctOutputAndRefs=[
java.util.Optional

/**
 * stringVal
 */
public Optional<String> getStringValReqNull() {
  return Optional.ofNullable(stringVal);
}

/**
 * stringVal
 */
public String getStringValOr(String defaultValue) {
  return this.stringVal == null ? defaultValue : this.stringVal;
}
]


valueTypeOfArrayHasConstraints=[
com.fasterxml.jackson.annotation.JsonIgnore
com.fasterxml.jackson.annotation.JsonProperty
java.util.List
java.util.Optional
javax.validation.constraints.AssertTrue
javax.validation.constraints.Max
javax.validation.constraints.Min
javax.validation.constraints.Size

/**
 * List
 */
@JsonIgnore
public Optional<List<Integer>> getListVal() {
  return Optional.ofNullable(listVal);
}

/**
 * List
 */
@JsonIgnore
public List<Integer> getListValOr(List<Integer> defaultValue) {
  return this.listVal == null ? defaultValue : this.listVal;
}

@Size(min = 5)
@JsonProperty("listVal")
private List<@Min(value = 5) @Max(value = 10) Integer> getListValRaw() {
  return listVal;
}

@AssertTrue(message = "listVal is required but it is not present")
private boolean isListValPresent() {
  return isListValPresent;
}
]