allNecessityAndNullabilityVariants[NOT_NULLABLE_OPTIONAL]=[
.
.

]


allNecessityAndNullabilityVariants[NOT_NULLABLE_REQUIRED]=[
com.fasterxml.jackson.annotation.JsonProperty
javax.validation.constraints.NotNull
javax.validation.constraints.Pattern

/**
 * stringVal
 */
@NotNull
@Pattern(regexp="Hello")
@JsonProperty("stringVal")
public String getStringVal() {
  return stringVal;
}

]


allNecessityAndNullabilityVariants[NULLABLE_OPTIONAL]=[
.
.

]


allNecessityAndNullabilityVariants[NULLABLE_REQUIRED]=[
.
.

]


requiredAndNotNullableField=[
com.fasterxml.jackson.annotation.JsonProperty
javax.validation.constraints.NotNull
javax.validation.constraints.Pattern

/**
 * stringVal
 */
@NotNull
@Pattern(regexp="Hello")
@JsonProperty("stringVal")
public String getStringVal() {
  return stringVal;
}

]


requiredSuffix=[
com.fasterxml.jackson.annotation.JsonProperty

/**
 * stringVal
 */
@JsonProperty("stringVal")
public String getStringValReq() {
  return stringVal;
}

]


validationDisabled=[
com.fasterxml.jackson.annotation.JsonProperty

/**
 * stringVal
 */
@JsonProperty("stringVal")
public String getStringVal() {
  return stringVal;
}

]


valueTypeOfArrayHasConstraints=[
com.fasterxml.jackson.annotation.JsonProperty
java.util.List
javax.validation.constraints.Max
javax.validation.constraints.Min
javax.validation.constraints.NotNull
javax.validation.constraints.Size
.
.
/**
 * List
 */
@NotNull
@Size(min = 5)
@JsonProperty("listVal")
public List<@NotNull @Min(value = 5L) @Max(value = 10L) Integer> getListVal() {
  return listVal;
}

]