illegalIdentifierPojo=[
com.fasterxml.jackson.annotation.JsonIgnore

/**
 * Returns the number of present properties of this object.
 */
@JsonIgnore
public int getPropertyCount() {
  return
    ((isSwitchNull || switch_ != null) ? 1 : 0) +
    ((isPoint_Null || point_ != null) ? 1 : 0) +
    additionalProperties.size();
}
]


oneOfPojo=[
com.fasterxml.jackson.annotation.JsonIgnore

/**
 * Returns the number of present properties of this object.
 */
@JsonIgnore
public int getPropertyCount() {
  return
    (requiredStringVal != null ? 1 : 0) +
    (isRequiredNullableStringValPresent ? 1 : 0) +
    (optionalStringVal != null ? 1 : 0) +
    ((isOptionalNullableStringValNull || optionalNullableStringVal != null) ? 1 : 0) +
    (requiredListWithNullableItems != null ? 1 : 0) +
    (isRequiredNullableListWithNullableItemsPresent ? 1 : 0) +
    (optionalListWithNullableItems != null ? 1 : 0) +
    ((isOptionalNullableListWithNullableItemsNull || optionalNullableListWithNullableItems != null) ? 1 : 0) +
    (requiredMap != null ? 1 : 0) +
    (isRequiredNullableMapPresent ? 1 : 0) +
    (optionalMap != null ? 1 : 0) +
    ((isOptionalNullableMapNull || optionalNullableMap != null) ? 1 : 0) +
    (stringVal != null ? 1 : 0) +
    (intVal != null ? 1 : 0) +
    (doubleVal != null ? 1 : 0) +
    additionalProperties.size();
}
]


pojoPropertyCountMethodDefaultSettings=[
com.fasterxml.jackson.annotation.JsonIgnore
javax.validation.constraints.Max
javax.validation.constraints.Min

/**
 * Returns the number of present properties of this object.
 */
@Min(1)
@Max(2)
@JsonIgnore
public int getPropertyCount() {
  return
    (requiredStringVal != null ? 1 : 0) +
    (isRequiredNullableStringValPresent ? 1 : 0) +
    (optionalStringVal != null ? 1 : 0) +
    ((isOptionalNullableStringValNull || optionalNullableStringVal != null) ? 1 : 0) +
    (requiredListWithNullableItems != null ? 1 : 0) +
    (isRequiredNullableListWithNullableItemsPresent ? 1 : 0) +
    (optionalListWithNullableItems != null ? 1 : 0) +
    ((isOptionalNullableListWithNullableItemsNull || optionalNullableListWithNullableItems != null) ? 1 : 0) +
    (requiredMap != null ? 1 : 0) +
    (isRequiredNullableMapPresent ? 1 : 0) +
    (optionalMap != null ? 1 : 0) +
    ((isOptionalNullableMapNull || optionalNullableMap != null) ? 1 : 0) +
    additionalProperties.size();
}
]


pojoPropertyCountMethodWithNoJsonSupport=[
javax.validation.constraints.Max
javax.validation.constraints.Min

/**
 * Returns the number of present properties of this object.
 */
@Min(1)
@Max(2)
public int getPropertyCount() {
  return
    (requiredStringVal != null ? 1 : 0) +
    (isRequiredNullableStringValPresent ? 1 : 0) +
    (optionalStringVal != null ? 1 : 0) +
    ((isOptionalNullableStringValNull || optionalNullableStringVal != null) ? 1 : 0) +
    (requiredListWithNullableItems != null ? 1 : 0) +
    (isRequiredNullableListWithNullableItemsPresent ? 1 : 0) +
    (optionalListWithNullableItems != null ? 1 : 0) +
    ((isOptionalNullableListWithNullableItemsNull || optionalNullableListWithNullableItems != null) ? 1 : 0) +
    (requiredMap != null ? 1 : 0) +
    (isRequiredNullableMapPresent ? 1 : 0) +
    (optionalMap != null ? 1 : 0) +
    ((isOptionalNullableMapNull || optionalNullableMap != null) ? 1 : 0) +
    additionalProperties.size();
}
]


pojoPropertyCountMethodWithValidationDisabled=[
com.fasterxml.jackson.annotation.JsonIgnore

/**
 * Returns the number of present properties of this object.
 */
@JsonIgnore
public int getPropertyCount() {
  return
    (requiredStringVal != null ? 1 : 0) +
    (isRequiredNullableStringValPresent ? 1 : 0) +
    (optionalStringVal != null ? 1 : 0) +
    ((isOptionalNullableStringValNull || optionalNullableStringVal != null) ? 1 : 0) +
    (requiredListWithNullableItems != null ? 1 : 0) +
    (isRequiredNullableListWithNullableItemsPresent ? 1 : 0) +
    (optionalListWithNullableItems != null ? 1 : 0) +
    ((isOptionalNullableListWithNullableItemsNull || optionalNullableListWithNullableItems != null) ? 1 : 0) +
    (requiredMap != null ? 1 : 0) +
    (isRequiredNullableMapPresent ? 1 : 0) +
    (optionalMap != null ? 1 : 0) +
    ((isOptionalNullableMapNull || optionalNullableMap != null) ? 1 : 0) +
    additionalProperties.size();
}
]