genericType=[
.
.
/**
 * List
 */
public List<String> getRequiredStringListOr(List<String> defaultValue) {
  return this.requiredStringList == null
      ? defaultValue
      : this.requiredStringList;
}
]


mappedString=[
.
.
/**
 * OptionalStringVal
 */
public CustomString getOptionalStringValOr(CustomString defaultValue) {
  return this.optionalStringVal == null
      ? defaultValue
      : CustomString.fromString(this.optionalStringVal);
}
]


optionalString=[
.
.
/**
 * OptionalStringVal
 */
public String getOptionalStringValOr(String defaultValue) {
  return this.optionalStringVal == null
      ? defaultValue
      : this.optionalStringVal;
}
]