members[optionalListWithNullableItems]=[
javax.validation.constraints.Pattern
javax.validation.constraints.Size

@Size(min = 5, max = 10)
private List<@Pattern(regexp="Hello") String> getOptionalListWithNullableItems_() {
  return optionalListWithNullableItems;
}
]


members[optionalNullableListWithNullableItems]=[
javax.validation.constraints.Pattern
javax.validation.constraints.Size

@Size(min = 5, max = 10)
private List<@Pattern(regexp="Hello") String> getOptionalNullableListWithNullableItems_() {
  return optionalNullableListWithNullableItems;
}
]


members[optionalNullableStringVal]=[
javax.validation.constraints.Pattern

@Pattern(regexp="Hello")
private String getOptionalNullableStringVal_() {
  return optionalNullableStringVal;
}
]


members[optionalStringVal]=[
javax.validation.constraints.Pattern

@Pattern(regexp="Hello")
private String getOptionalStringVal_() {
  return optionalStringVal;
}
]


members[requiredListWithNullableItems]=[
javax.validation.constraints.NotNull
javax.validation.constraints.Pattern
javax.validation.constraints.Size

@NotNull
@Size(min = 5, max = 10)
private List<@Pattern(regexp="Hello") String> getRequiredListWithNullableItems_() {
  return requiredListWithNullableItems;
}
]


members[requiredNullableListWithNullableItems]=[
javax.validation.constraints.Pattern
javax.validation.constraints.Size

@Size(min = 5, max = 10)
private List<@Pattern(regexp="Hello") String> getRequiredNullableListWithNullableItems_() {
  return requiredNullableListWithNullableItems;
}
]


members[requiredNullableStringVal]=[
javax.validation.constraints.Pattern

@Pattern(regexp="Hello")
private String getRequiredNullableStringVal_() {
  return requiredNullableStringVal;
}
]


members[requiredStringList]=[
javax.validation.constraints.NotNull
javax.validation.constraints.Pattern
javax.validation.constraints.Size

@NotNull
@Size(min = 1)
private List<@NotNull @Pattern(regexp="Hello") String> getRequiredStringList_() {
  return requiredStringList;
}
]


members[stringVal]=[
javax.validation.constraints.NotNull
javax.validation.constraints.Pattern

@NotNull
@Pattern(regexp="Hello")
private String getStringVal_() {
  return stringVal;
}
]


validationDisabled=[
.
.

]