allOfPojo=[
java.time.LocalDate

public static final class AllOfBuilderSampleObjectPojo10 {
  private final Builder builder;

  private AllOfBuilderSampleObjectPojo10(Builder builder) {
    this.builder = builder;
  }

  /**
   * stringVal
   */
  public AllOfBuilderSampleObjectPojo11 setStringVal(String stringVal) {
    return new AllOfBuilderSampleObjectPojo11(builder.setStringVal(stringVal));
  }

  public AllOfBuilderSampleObjectPojo20 setSampleObjectPojo1Dto(SampleObjectPojo1Dto dto) {
    return new AllOfBuilderSampleObjectPojo20(builder.setSampleObjectPojo1Dto(dto));
  }
}

public static final class AllOfBuilderSampleObjectPojo11 {
  private final Builder builder;

  private AllOfBuilderSampleObjectPojo11(Builder builder) {
    this.builder = builder;
  }

  /**
   * intVal
   */
  public AllOfBuilderSampleObjectPojo12 setIntVal(Integer intVal) {
    return new AllOfBuilderSampleObjectPojo12(builder.setIntVal(intVal));
  }

}

public static final class AllOfBuilderSampleObjectPojo12 {
  private final Builder builder;

  private AllOfBuilderSampleObjectPojo12(Builder builder) {
    this.builder = builder;
  }

  /**
   * doubleVal
   */
  public AllOfBuilderSampleObjectPojo20 setDoubleVal(Double doubleVal) {
    return new AllOfBuilderSampleObjectPojo20(builder.setDoubleVal(doubleVal));
  }

}

public static final class AllOfBuilderSampleObjectPojo20 {
  private final Builder builder;

  private AllOfBuilderSampleObjectPojo20(Builder builder) {
    this.builder = builder;
  }

  /**
   * stringVal
   */
  public AllOfBuilderSampleObjectPojo21 setStringVal(String stringVal) {
    return new AllOfBuilderSampleObjectPojo21(builder.setStringVal(stringVal));
  }

  public AllOfBuilderObjectPojo10 setSampleObjectPojo2Dto(SampleObjectPojo2Dto dto) {
    return new AllOfBuilderObjectPojo10(builder.setSampleObjectPojo2Dto(dto));
  }
}

public static final class AllOfBuilderSampleObjectPojo21 {
  private final Builder builder;

  private AllOfBuilderSampleObjectPojo21(Builder builder) {
    this.builder = builder;
  }

  /**
   * Birthdate
   */
  public AllOfBuilderSampleObjectPojo22 setBirthdate(LocalDate birthdate) {
    return new AllOfBuilderSampleObjectPojo22(builder.setBirthdate(birthdate));
  }

}

public static final class AllOfBuilderSampleObjectPojo22 {
  private final Builder builder;

  private AllOfBuilderSampleObjectPojo22(Builder builder) {
    this.builder = builder;
  }

  /**
   * email
   */
  public AllOfBuilderObjectPojo10 setEmail(String email) {
    return new AllOfBuilderObjectPojo10(builder.setEmail(email));
  }

}

public static final class AllOfBuilderObjectPojo10 {
  private final Builder builder;

  private AllOfBuilderObjectPojo10(Builder builder) {
    this.builder = builder;
  }

  /**
   * Direction
   */
  public PropertyBuilder0 setDirection(ObjectPojo1Dto.Direction direction) {
    return new PropertyBuilder0(builder.setDirection(direction));
  }

  public PropertyBuilder0 setObjectPojo1Dto(ObjectPojo1Dto dto) {
    return new PropertyBuilder0(builder.setObjectPojo1Dto(dto));
  }
}
]


allOfPojoFullBuilder=[
java.time.LocalDate

public static final class FullAllOfBuilderSampleObjectPojo10 {
  private final Builder builder;

  private FullAllOfBuilderSampleObjectPojo10(Builder builder) {
    this.builder = builder;
  }

  /**
   * stringVal
   */
  public FullAllOfBuilderSampleObjectPojo11 setStringVal(String stringVal) {
    return new FullAllOfBuilderSampleObjectPojo11(builder.setStringVal(stringVal));
  }

  public FullAllOfBuilderSampleObjectPojo20 setSampleObjectPojo1Dto(SampleObjectPojo1Dto dto) {
    return new FullAllOfBuilderSampleObjectPojo20(builder.setSampleObjectPojo1Dto(dto));
  }
}

public static final class FullAllOfBuilderSampleObjectPojo11 {
  private final Builder builder;

  private FullAllOfBuilderSampleObjectPojo11(Builder builder) {
    this.builder = builder;
  }

  /**
   * intVal
   */
  public FullAllOfBuilderSampleObjectPojo12 setIntVal(Integer intVal) {
    return new FullAllOfBuilderSampleObjectPojo12(builder.setIntVal(intVal));
  }

}

public static final class FullAllOfBuilderSampleObjectPojo12 {
  private final Builder builder;

  private FullAllOfBuilderSampleObjectPojo12(Builder builder) {
    this.builder = builder;
  }

  /**
   * doubleVal
   */
  public FullAllOfBuilderSampleObjectPojo20 setDoubleVal(Double doubleVal) {
    return new FullAllOfBuilderSampleObjectPojo20(builder.setDoubleVal(doubleVal));
  }

}

public static final class FullAllOfBuilderSampleObjectPojo20 {
  private final Builder builder;

  private FullAllOfBuilderSampleObjectPojo20(Builder builder) {
    this.builder = builder;
  }

  /**
   * stringVal
   */
  public FullAllOfBuilderSampleObjectPojo21 setStringVal(String stringVal) {
    return new FullAllOfBuilderSampleObjectPojo21(builder.setStringVal(stringVal));
  }

  public FullAllOfBuilderObjectPojo10 setSampleObjectPojo2Dto(SampleObjectPojo2Dto dto) {
    return new FullAllOfBuilderObjectPojo10(builder.setSampleObjectPojo2Dto(dto));
  }
}

public static final class FullAllOfBuilderSampleObjectPojo21 {
  private final Builder builder;

  private FullAllOfBuilderSampleObjectPojo21(Builder builder) {
    this.builder = builder;
  }

  /**
   * Birthdate
   */
  public FullAllOfBuilderSampleObjectPojo22 setBirthdate(LocalDate birthdate) {
    return new FullAllOfBuilderSampleObjectPojo22(builder.setBirthdate(birthdate));
  }

}

public static final class FullAllOfBuilderSampleObjectPojo22 {
  private final Builder builder;

  private FullAllOfBuilderSampleObjectPojo22(Builder builder) {
    this.builder = builder;
  }

  /**
   * email
   */
  public FullAllOfBuilderObjectPojo10 setEmail(String email) {
    return new FullAllOfBuilderObjectPojo10(builder.setEmail(email));
  }

}

public static final class FullAllOfBuilderObjectPojo10 {
  private final Builder builder;

  private FullAllOfBuilderObjectPojo10(Builder builder) {
    this.builder = builder;
  }

  /**
   * Direction
   */
  public FullOptPropertyBuilder0 setDirection(ObjectPojo1Dto.Direction direction) {
    return new FullOptPropertyBuilder0(builder.setDirection(direction));
  }

  public FullOptPropertyBuilder0 setObjectPojo1Dto(ObjectPojo1Dto dto) {
    return new FullOptPropertyBuilder0(builder.setObjectPojo1Dto(dto));
  }
}
]