allOfPojo=[
java.time.LocalDate

public static final class AllOfBuilderSampleObjectPojo10 {
  private final Builder builder;

  private AllOfBuilderSampleObjectPojo10(Builder builder) {
    this.builder = builder;
  }

  /**
   * stringVal
   */
  public AllOfBuilderSampleObjectPojo11 setStringVal(String stringVal) {
    return new AllOfBuilderSampleObjectPojo11(builder.setStringVal(stringVal));
  }

  public AllOfBuilderSampleObjectPojo2 setSampleObjectPojo1Dto(SampleObjectPojo1Dto dto) {
    return new AllOfBuilderSampleObjectPojo2(builder.setSampleObjectPojo1Dto(dto));
  }
}

public static final class AllOfBuilderSampleObjectPojo11 {
  private final Builder builder;

  private AllOfBuilderSampleObjectPojo11(Builder builder) {
    this.builder = builder;
  }

  /**
   * intVal
   */
  public AllOfBuilderSampleObjectPojo12 setIntVal(Integer intVal) {
    return new AllOfBuilderSampleObjectPojo12(builder.setIntVal(intVal));
  }

}

public static final class AllOfBuilderSampleObjectPojo12 {
  private final Builder builder;

  private AllOfBuilderSampleObjectPojo12(Builder builder) {
    this.builder = builder;
  }

  /**
   * doubleVal
   */
  public AllOfBuilderSampleObjectPojo21 setDoubleVal(Double doubleVal) {
    return new AllOfBuilderSampleObjectPojo21(builder.setDoubleVal(doubleVal));
  }

}

public static final class AllOfBuilderSampleObjectPojo21 {
  private final Builder builder;

  private AllOfBuilderSampleObjectPojo21(Builder builder) {
    this.builder = builder;
  }

  /**
   * Birthdate
   */
  public AllOfBuilderSampleObjectPojo22 setBirthdate(LocalDate birthdate) {
    return new AllOfBuilderSampleObjectPojo22(builder.setBirthdate(birthdate));
  }

}

public static final class AllOfBuilderSampleObjectPojo22 {
  private final Builder builder;

  private AllOfBuilderSampleObjectPojo22(Builder builder) {
    this.builder = builder;
  }

  /**
   * email
   */
  public AllOfBuilderObjectPojo10 setEmail(String email) {
    return new AllOfBuilderObjectPojo10(builder.setEmail(email));
  }

}

public static final class AllOfBuilderObjectPojo10 {
  private final Builder builder;

  private AllOfBuilderObjectPojo10(Builder builder) {
    this.builder = builder;
  }

  /**
   * Direction
   */
  public PropertyBuilder0 setDirection(ObjectPojo1Dto.Direction direction) {
    return new PropertyBuilder0(builder.setDirection(direction));
  }

}

public static final class AllOfBuilderSampleObjectPojo2 {
  private final Builder builder;

  private AllOfBuilderSampleObjectPojo2(Builder builder) {
    this.builder = builder;
  }

  public AllOfBuilderObjectPojo1 setSampleObjectPojo2Dto(SampleObjectPojo2Dto dto) {
    return new AllOfBuilderObjectPojo1(builder.setSampleObjectPojo2Dto(dto));
  }
}

public static final class AllOfBuilderObjectPojo1 {
  private final Builder builder;

  private AllOfBuilderObjectPojo1(Builder builder) {
    this.builder = builder;
  }

  public PropertyBuilder0 setObjectPojo1Dto(ObjectPojo1Dto dto) {
    return new PropertyBuilder0(builder.setObjectPojo1Dto(dto));
  }
}
]


allOfPojoFullBuilder=[
java.time.LocalDate

public static final class FullAllOfBuilderSampleObjectPojo10 {
  private final Builder builder;

  private FullAllOfBuilderSampleObjectPojo10(Builder builder) {
    this.builder = builder;
  }

  /**
   * stringVal
   */
  public FullAllOfBuilderSampleObjectPojo11 setStringVal(String stringVal) {
    return new FullAllOfBuilderSampleObjectPojo11(builder.setStringVal(stringVal));
  }

  public FullAllOfBuilderSampleObjectPojo2 setSampleObjectPojo1Dto(SampleObjectPojo1Dto dto) {
    return new FullAllOfBuilderSampleObjectPojo2(builder.setSampleObjectPojo1Dto(dto));
  }
}

public static final class FullAllOfBuilderSampleObjectPojo11 {
  private final Builder builder;

  private FullAllOfBuilderSampleObjectPojo11(Builder builder) {
    this.builder = builder;
  }

  /**
   * intVal
   */
  public FullAllOfBuilderSampleObjectPojo12 setIntVal(Integer intVal) {
    return new FullAllOfBuilderSampleObjectPojo12(builder.setIntVal(intVal));
  }

}

public static final class FullAllOfBuilderSampleObjectPojo12 {
  private final Builder builder;

  private FullAllOfBuilderSampleObjectPojo12(Builder builder) {
    this.builder = builder;
  }

  /**
   * doubleVal
   */
  public FullAllOfBuilderSampleObjectPojo21 setDoubleVal(Double doubleVal) {
    return new FullAllOfBuilderSampleObjectPojo21(builder.setDoubleVal(doubleVal));
  }

}

public static final class FullAllOfBuilderSampleObjectPojo21 {
  private final Builder builder;

  private FullAllOfBuilderSampleObjectPojo21(Builder builder) {
    this.builder = builder;
  }

  /**
   * Birthdate
   */
  public FullAllOfBuilderSampleObjectPojo22 setBirthdate(LocalDate birthdate) {
    return new FullAllOfBuilderSampleObjectPojo22(builder.setBirthdate(birthdate));
  }

}

public static final class FullAllOfBuilderSampleObjectPojo22 {
  private final Builder builder;

  private FullAllOfBuilderSampleObjectPojo22(Builder builder) {
    this.builder = builder;
  }

  /**
   * email
   */
  public FullAllOfBuilderObjectPojo10 setEmail(String email) {
    return new FullAllOfBuilderObjectPojo10(builder.setEmail(email));
  }

}

public static final class FullAllOfBuilderObjectPojo10 {
  private final Builder builder;

  private FullAllOfBuilderObjectPojo10(Builder builder) {
    this.builder = builder;
  }

  /**
   * Direction
   */
  public FullOptPropertyBuilder0 setDirection(ObjectPojo1Dto.Direction direction) {
    return new FullOptPropertyBuilder0(builder.setDirection(direction));
  }

}

public static final class FullAllOfBuilderSampleObjectPojo2 {
  private final Builder builder;

  private FullAllOfBuilderSampleObjectPojo2(Builder builder) {
    this.builder = builder;
  }

  public FullAllOfBuilderObjectPojo1 setSampleObjectPojo2Dto(SampleObjectPojo2Dto dto) {
    return new FullAllOfBuilderObjectPojo1(builder.setSampleObjectPojo2Dto(dto));
  }
}

public static final class FullAllOfBuilderObjectPojo1 {
  private final Builder builder;

  private FullAllOfBuilderObjectPojo1(Builder builder) {
    this.builder = builder;
  }

  public FullOptPropertyBuilder0 setObjectPojo1Dto(ObjectPojo1Dto dto) {
    return new FullOptPropertyBuilder0(builder.setObjectPojo1Dto(dto));
  }
}
]


allOfPojoWithAllNecessityAndNullabilityVariants=[
com.github.muehmar.openapi.util.Tristate
java.util.List
java.util.Optional

public static final class AllOfBuilderNecessityAndNullability0 {
  private final Builder builder;

  private AllOfBuilderNecessityAndNullability0(Builder builder) {
    this.builder = builder;
  }

  /**
   * RequiredStringVal
   */
  public AllOfBuilderNecessityAndNullability1 setRequiredStringVal(String requiredStringVal) {
    return new AllOfBuilderNecessityAndNullability1(builder.setRequiredStringVal(requiredStringVal));
  }

  public PropertyBuilder0 setNecessityAndNullabilityDto(NecessityAndNullabilityDto dto) {
    return new PropertyBuilder0(builder.setNecessityAndNullabilityDto(dto));
  }
}

public static final class AllOfBuilderNecessityAndNullability1 {
  private final Builder builder;

  private AllOfBuilderNecessityAndNullability1(Builder builder) {
    this.builder = builder;
  }

  /**
   * RequiredNullableStringVal
   */
  public AllOfBuilderNecessityAndNullability2 setRequiredNullableStringVal(String requiredNullableStringVal) {
    return new AllOfBuilderNecessityAndNullability2(builder.setRequiredNullableStringVal(requiredNullableStringVal));
  }

  /**
   * RequiredNullableStringVal
   */
  public AllOfBuilderNecessityAndNullability2 setRequiredNullableStringVal(Optional<String> requiredNullableStringVal) {
    return new AllOfBuilderNecessityAndNullability2(builder.setRequiredNullableStringVal(requiredNullableStringVal));
  }

}

public static final class AllOfBuilderNecessityAndNullability2 {
  private final Builder builder;

  private AllOfBuilderNecessityAndNullability2(Builder builder) {
    this.builder = builder;
  }

  /**
   * OptionalStringVal
   */
  public AllOfBuilderNecessityAndNullability3 setOptionalStringVal(String optionalStringVal) {
    return new AllOfBuilderNecessityAndNullability3(builder.setOptionalStringVal(optionalStringVal));
  }

  /**
   * OptionalStringVal
   */
  public AllOfBuilderNecessityAndNullability3 setOptionalStringVal(Optional<String> optionalStringVal) {
    return new AllOfBuilderNecessityAndNullability3(builder.setOptionalStringVal(optionalStringVal));
  }

}

public static final class AllOfBuilderNecessityAndNullability3 {
  private final Builder builder;

  private AllOfBuilderNecessityAndNullability3(Builder builder) {
    this.builder = builder;
  }

  /**
   * OptionalNullableStringVal
   */
  public AllOfBuilderNecessityAndNullability4 setOptionalNullableStringVal(String optionalNullableStringVal) {
    return new AllOfBuilderNecessityAndNullability4(builder.setOptionalNullableStringVal(optionalNullableStringVal));
  }

  /**
   * OptionalNullableStringVal
   */
  public AllOfBuilderNecessityAndNullability4 setOptionalNullableStringVal(Tristate<String> optionalNullableStringVal) {
    return new AllOfBuilderNecessityAndNullability4(builder.setOptionalNullableStringVal(optionalNullableStringVal));
  }

}

public static final class AllOfBuilderNecessityAndNullability4 {
  private final Builder builder;

  private AllOfBuilderNecessityAndNullability4(Builder builder) {
    this.builder = builder;
  }

  /**
   * RequiredListWithNullableItems
   */
  public AllOfBuilderNecessityAndNullability5 setRequiredListWithNullableItems(List<String> requiredListWithNullableItems) {
    return new AllOfBuilderNecessityAndNullability5(builder.setRequiredListWithNullableItems(requiredListWithNullableItems));
  }

  /**
   * RequiredListWithNullableItems
   */
  public AllOfBuilderNecessityAndNullability5 setRequiredListWithNullableItems_(List<Optional<String>> requiredListWithNullableItems) {
    return new AllOfBuilderNecessityAndNullability5(builder.setRequiredListWithNullableItems_(requiredListWithNullableItems));
  }

}

public static final class AllOfBuilderNecessityAndNullability5 {
  private final Builder builder;

  private AllOfBuilderNecessityAndNullability5(Builder builder) {
    this.builder = builder;
  }

  /**
   * RequiredNullableListWithNullableItems
   */
  public AllOfBuilderNecessityAndNullability6 setRequiredNullableListWithNullableItems(List<String> requiredNullableListWithNullableItems) {
    return new AllOfBuilderNecessityAndNullability6(builder.setRequiredNullableListWithNullableItems(requiredNullableListWithNullableItems));
  }

  /**
   * RequiredNullableListWithNullableItems
   */
  public AllOfBuilderNecessityAndNullability6 setRequiredNullableListWithNullableItems_(List<Optional<String>> requiredNullableListWithNullableItems) {
    return new AllOfBuilderNecessityAndNullability6(builder.setRequiredNullableListWithNullableItems_(requiredNullableListWithNullableItems));
  }

  /**
   * RequiredNullableListWithNullableItems
   */
  public AllOfBuilderNecessityAndNullability6 setRequiredNullableListWithNullableItems(Optional<List<String>> requiredNullableListWithNullableItems) {
    return new AllOfBuilderNecessityAndNullability6(builder.setRequiredNullableListWithNullableItems(requiredNullableListWithNullableItems));
  }

  /**
   * RequiredNullableListWithNullableItems
   */
  public AllOfBuilderNecessityAndNullability6 setRequiredNullableListWithNullableItems_(Optional<List<Optional<String>>> requiredNullableListWithNullableItems) {
    return new AllOfBuilderNecessityAndNullability6(builder.setRequiredNullableListWithNullableItems_(requiredNullableListWithNullableItems));
  }

}

public static final class AllOfBuilderNecessityAndNullability6 {
  private final Builder builder;

  private AllOfBuilderNecessityAndNullability6(Builder builder) {
    this.builder = builder;
  }

  /**
   * OptionalListWithNullableItems
   */
  public AllOfBuilderNecessityAndNullability7 setOptionalListWithNullableItems(List<String> optionalListWithNullableItems) {
    return new AllOfBuilderNecessityAndNullability7(builder.setOptionalListWithNullableItems(optionalListWithNullableItems));
  }

  /**
   * OptionalListWithNullableItems
   */
  public AllOfBuilderNecessityAndNullability7 setOptionalListWithNullableItems_(List<Optional<String>> optionalListWithNullableItems) {
    return new AllOfBuilderNecessityAndNullability7(builder.setOptionalListWithNullableItems_(optionalListWithNullableItems));
  }

  /**
   * OptionalListWithNullableItems
   */
  public AllOfBuilderNecessityAndNullability7 setOptionalListWithNullableItems(Optional<List<String>> optionalListWithNullableItems) {
    return new AllOfBuilderNecessityAndNullability7(builder.setOptionalListWithNullableItems(optionalListWithNullableItems));
  }

  /**
   * OptionalListWithNullableItems
   */
  public AllOfBuilderNecessityAndNullability7 setOptionalListWithNullableItems_(Optional<List<Optional<String>>> optionalListWithNullableItems) {
    return new AllOfBuilderNecessityAndNullability7(builder.setOptionalListWithNullableItems_(optionalListWithNullableItems));
  }

}

public static final class AllOfBuilderNecessityAndNullability7 {
  private final Builder builder;

  private AllOfBuilderNecessityAndNullability7(Builder builder) {
    this.builder = builder;
  }

  /**
   * OptionalNullableListWithNullableItems
   */
  public PropertyBuilder0 setOptionalNullableListWithNullableItems(List<String> optionalNullableListWithNullableItems) {
    return new PropertyBuilder0(builder.setOptionalNullableListWithNullableItems(optionalNullableListWithNullableItems));
  }

  /**
   * OptionalNullableListWithNullableItems
   */
  public PropertyBuilder0 setOptionalNullableListWithNullableItems_(List<Optional<String>> optionalNullableListWithNullableItems) {
    return new PropertyBuilder0(builder.setOptionalNullableListWithNullableItems_(optionalNullableListWithNullableItems));
  }

  /**
   * OptionalNullableListWithNullableItems
   */
  public PropertyBuilder0 setOptionalNullableListWithNullableItems(Tristate<List<String>> optionalNullableListWithNullableItems) {
    return new PropertyBuilder0(builder.setOptionalNullableListWithNullableItems(optionalNullableListWithNullableItems));
  }

  /**
   * OptionalNullableListWithNullableItems
   */
  public PropertyBuilder0 setOptionalNullableListWithNullableItems_(Tristate<List<Optional<String>>> optionalNullableListWithNullableItems) {
    return new PropertyBuilder0(builder.setOptionalNullableListWithNullableItems_(optionalNullableListWithNullableItems));
  }

}
]


allOfPojoWithAllNecessityAndNullabilityVariantsFullyTypeMapped=[
com.custom.CustomList
com.custom.CustomString
com.github.muehmar.openapi.util.Tristate
java.util.List
java.util.Optional

public static final class AllOfBuilderNecessityAndNullability0 {
  private final Builder builder;

  private AllOfBuilderNecessityAndNullability0(Builder builder) {
    this.builder = builder;
  }

  /**
   * RequiredStringVal
   */
  public AllOfBuilderNecessityAndNullability1 setRequiredStringVal(CustomString requiredStringVal) {
    return new AllOfBuilderNecessityAndNullability1(builder.setRequiredStringVal(requiredStringVal));
  }

  public PropertyBuilder0 setNecessityAndNullabilityDto(NecessityAndNullabilityDto dto) {
    return new PropertyBuilder0(builder.setNecessityAndNullabilityDto(dto));
  }
}

public static final class AllOfBuilderNecessityAndNullability1 {
  private final Builder builder;

  private AllOfBuilderNecessityAndNullability1(Builder builder) {
    this.builder = builder;
  }

  /**
   * RequiredNullableStringVal
   */
  public AllOfBuilderNecessityAndNullability2 setRequiredNullableStringVal(CustomString requiredNullableStringVal) {
    return new AllOfBuilderNecessityAndNullability2(builder.setRequiredNullableStringVal(requiredNullableStringVal));
  }

  /**
   * RequiredNullableStringVal
   */
  public AllOfBuilderNecessityAndNullability2 setRequiredNullableStringVal(Optional<CustomString> requiredNullableStringVal) {
    return new AllOfBuilderNecessityAndNullability2(builder.setRequiredNullableStringVal(requiredNullableStringVal));
  }

}

public static final class AllOfBuilderNecessityAndNullability2 {
  private final Builder builder;

  private AllOfBuilderNecessityAndNullability2(Builder builder) {
    this.builder = builder;
  }

  /**
   * OptionalStringVal
   */
  public AllOfBuilderNecessityAndNullability3 setOptionalStringVal(CustomString optionalStringVal) {
    return new AllOfBuilderNecessityAndNullability3(builder.setOptionalStringVal(optionalStringVal));
  }

  /**
   * OptionalStringVal
   */
  public AllOfBuilderNecessityAndNullability3 setOptionalStringVal(Optional<CustomString> optionalStringVal) {
    return new AllOfBuilderNecessityAndNullability3(builder.setOptionalStringVal(optionalStringVal));
  }

}

public static final class AllOfBuilderNecessityAndNullability3 {
  private final Builder builder;

  private AllOfBuilderNecessityAndNullability3(Builder builder) {
    this.builder = builder;
  }

  /**
   * OptionalNullableStringVal
   */
  public AllOfBuilderNecessityAndNullability4 setOptionalNullableStringVal(CustomString optionalNullableStringVal) {
    return new AllOfBuilderNecessityAndNullability4(builder.setOptionalNullableStringVal(optionalNullableStringVal));
  }

  /**
   * OptionalNullableStringVal
   */
  public AllOfBuilderNecessityAndNullability4 setOptionalNullableStringVal(Tristate<CustomString> optionalNullableStringVal) {
    return new AllOfBuilderNecessityAndNullability4(builder.setOptionalNullableStringVal(optionalNullableStringVal));
  }

}

public static final class AllOfBuilderNecessityAndNullability4 {
  private final Builder builder;

  private AllOfBuilderNecessityAndNullability4(Builder builder) {
    this.builder = builder;
  }

  /**
   * RequiredListWithNullableItems
   */
  public AllOfBuilderNecessityAndNullability5 setRequiredListWithNullableItems(CustomList<CustomString> requiredListWithNullableItems) {
    return new AllOfBuilderNecessityAndNullability5(builder.setRequiredListWithNullableItems(requiredListWithNullableItems));
  }

  /**
   * RequiredListWithNullableItems
   */
  public AllOfBuilderNecessityAndNullability5 setRequiredListWithNullableItems_(CustomList<Optional<CustomString>> requiredListWithNullableItems) {
    return new AllOfBuilderNecessityAndNullability5(builder.setRequiredListWithNullableItems_(requiredListWithNullableItems));
  }

}

public static final class AllOfBuilderNecessityAndNullability5 {
  private final Builder builder;

  private AllOfBuilderNecessityAndNullability5(Builder builder) {
    this.builder = builder;
  }

  /**
   * RequiredNullableListWithNullableItems
   */
  public AllOfBuilderNecessityAndNullability6 setRequiredNullableListWithNullableItems(CustomList<CustomString> requiredNullableListWithNullableItems) {
    return new AllOfBuilderNecessityAndNullability6(builder.setRequiredNullableListWithNullableItems(requiredNullableListWithNullableItems));
  }

  /**
   * RequiredNullableListWithNullableItems
   */
  public AllOfBuilderNecessityAndNullability6 setRequiredNullableListWithNullableItems_(CustomList<Optional<CustomString>> requiredNullableListWithNullableItems) {
    return new AllOfBuilderNecessityAndNullability6(builder.setRequiredNullableListWithNullableItems_(requiredNullableListWithNullableItems));
  }

  /**
   * RequiredNullableListWithNullableItems
   */
  public AllOfBuilderNecessityAndNullability6 setRequiredNullableListWithNullableItems(Optional<CustomList<CustomString>> requiredNullableListWithNullableItems) {
    return new AllOfBuilderNecessityAndNullability6(builder.setRequiredNullableListWithNullableItems(requiredNullableListWithNullableItems));
  }

  /**
   * RequiredNullableListWithNullableItems
   */
  public AllOfBuilderNecessityAndNullability6 setRequiredNullableListWithNullableItems_(Optional<CustomList<Optional<CustomString>>> requiredNullableListWithNullableItems) {
    return new AllOfBuilderNecessityAndNullability6(builder.setRequiredNullableListWithNullableItems_(requiredNullableListWithNullableItems));
  }

}

public static final class AllOfBuilderNecessityAndNullability6 {
  private final Builder builder;

  private AllOfBuilderNecessityAndNullability6(Builder builder) {
    this.builder = builder;
  }

  /**
   * OptionalListWithNullableItems
   */
  public AllOfBuilderNecessityAndNullability7 setOptionalListWithNullableItems(CustomList<CustomString> optionalListWithNullableItems) {
    return new AllOfBuilderNecessityAndNullability7(builder.setOptionalListWithNullableItems(optionalListWithNullableItems));
  }

  /**
   * OptionalListWithNullableItems
   */
  public AllOfBuilderNecessityAndNullability7 setOptionalListWithNullableItems_(CustomList<Optional<CustomString>> optionalListWithNullableItems) {
    return new AllOfBuilderNecessityAndNullability7(builder.setOptionalListWithNullableItems_(optionalListWithNullableItems));
  }

  /**
   * OptionalListWithNullableItems
   */
  public AllOfBuilderNecessityAndNullability7 setOptionalListWithNullableItems(Optional<CustomList<CustomString>> optionalListWithNullableItems) {
    return new AllOfBuilderNecessityAndNullability7(builder.setOptionalListWithNullableItems(optionalListWithNullableItems));
  }

  /**
   * OptionalListWithNullableItems
   */
  public AllOfBuilderNecessityAndNullability7 setOptionalListWithNullableItems_(Optional<CustomList<Optional<CustomString>>> optionalListWithNullableItems) {
    return new AllOfBuilderNecessityAndNullability7(builder.setOptionalListWithNullableItems_(optionalListWithNullableItems));
  }

}

public static final class AllOfBuilderNecessityAndNullability7 {
  private final Builder builder;

  private AllOfBuilderNecessityAndNullability7(Builder builder) {
    this.builder = builder;
  }

  /**
   * OptionalNullableListWithNullableItems
   */
  public PropertyBuilder0 setOptionalNullableListWithNullableItems(CustomList<CustomString> optionalNullableListWithNullableItems) {
    return new PropertyBuilder0(builder.setOptionalNullableListWithNullableItems(optionalNullableListWithNullableItems));
  }

  /**
   * OptionalNullableListWithNullableItems
   */
  public PropertyBuilder0 setOptionalNullableListWithNullableItems_(CustomList<Optional<CustomString>> optionalNullableListWithNullableItems) {
    return new PropertyBuilder0(builder.setOptionalNullableListWithNullableItems_(optionalNullableListWithNullableItems));
  }

  /**
   * OptionalNullableListWithNullableItems
   */
  public PropertyBuilder0 setOptionalNullableListWithNullableItems(Tristate<CustomList<CustomString>> optionalNullableListWithNullableItems) {
    return new PropertyBuilder0(builder.setOptionalNullableListWithNullableItems(optionalNullableListWithNullableItems));
  }

  /**
   * OptionalNullableListWithNullableItems
   */
  public PropertyBuilder0 setOptionalNullableListWithNullableItems_(Tristate<CustomList<Optional<CustomString>>> optionalNullableListWithNullableItems) {
    return new PropertyBuilder0(builder.setOptionalNullableListWithNullableItems_(optionalNullableListWithNullableItems));
  }

}
]


allOfPojoWithCompositionsInAllOfSubPojos=[
.
.
public static final class AllOfBuilderSampleObjectPojo1 {
  private final Builder builder;

  private AllOfBuilderSampleObjectPojo1(Builder builder) {
    this.builder = builder;
  }

  public AllOfBuilderSampleObjectPojo2 setSampleObjectPojo1Dto(SampleObjectPojo1Dto dto) {
    return new AllOfBuilderSampleObjectPojo2(builder.setSampleObjectPojo1Dto(dto));
  }
}

public static final class AllOfBuilderSampleObjectPojo2 {
  private final Builder builder;

  private AllOfBuilderSampleObjectPojo2(Builder builder) {
    this.builder = builder;
  }

  public AllOfBuilderOneOfPojo1 setSampleObjectPojo2Dto(SampleObjectPojo2Dto dto) {
    return new AllOfBuilderOneOfPojo1(builder.setSampleObjectPojo2Dto(dto));
  }
}

public static final class AllOfBuilderOneOfPojo1 {
  private final Builder builder;

  private AllOfBuilderOneOfPojo1(Builder builder) {
    this.builder = builder;
  }

  public PropertyBuilder0 setOneOfPojo1Dto(OneOfPojo1Dto dto) {
    return new PropertyBuilder0(builder.setOneOfPojo1Dto(dto));
  }
}
]