apiTypeWithFactoryMethods[NO_NULL_CHECK]=[
com.github.muehmar.UserId

UserId.toString(field)
]


apiTypeWithFactoryMethods[NULL_SAFE]=[
com.github.muehmar.UserId

field != null ? UserId.toString(field) : null
]


apiTypeWithInstanceMethods[NO_NULL_CHECK]=[
.
.
field.toLong()
]


apiTypeWithInstanceMethods[NULL_SAFE]=[
.
.
field != null ? field.toLong() : null
]